Archive member included to satisfy reference by file (symbol)

c:/gmd/toolchain/arm_toolchain/bin/../lib/gcc/arm-none-eabi/8.3.1/../../../../arm-none-eabi/lib/thumb/v7-m/nofp\libg.a(lib_a-exit.o)
                              c:/gmd/toolchain/arm_toolchain/bin/../lib/gcc/arm-none-eabi/8.3.1/../../../../arm-none-eabi/lib/thumb/v7-m/nofp/crt0.o (exit)
c:/gmd/toolchain/arm_toolchain/bin/../lib/gcc/arm-none-eabi/8.3.1/../../../../arm-none-eabi/lib/thumb/v7-m/nofp\libg.a(lib_a-impure.o)
                              c:/gmd/toolchain/arm_toolchain/bin/../lib/gcc/arm-none-eabi/8.3.1/../../../../arm-none-eabi/lib/thumb/v7-m/nofp\libg.a(lib_a-exit.o) (_global_impure_ptr)
c:/gmd/toolchain/arm_toolchain/bin/../lib/gcc/arm-none-eabi/8.3.1/../../../../arm-none-eabi/lib/thumb/v7-m/nofp\libg.a(lib_a-init.o)
                              c:/gmd/toolchain/arm_toolchain/bin/../lib/gcc/arm-none-eabi/8.3.1/../../../../arm-none-eabi/lib/thumb/v7-m/nofp/crt0.o (__libc_init_array)
c:/gmd/toolchain/arm_toolchain/bin/../lib/gcc/arm-none-eabi/8.3.1/../../../../arm-none-eabi/lib/thumb/v7-m/nofp\libg.a(lib_a-memcpy.o)
                              ./FreeRTOS/queue.o (memcpy)
c:/gmd/toolchain/arm_toolchain/bin/../lib/gcc/arm-none-eabi/8.3.1/../../../../arm-none-eabi/lib/thumb/v7-m/nofp\libg.a(lib_a-memset.o)
                              c:/gmd/toolchain/arm_toolchain/bin/../lib/gcc/arm-none-eabi/8.3.1/../../../../arm-none-eabi/lib/thumb/v7-m/nofp/crt0.o (memset)
c:/gmd/toolchain/arm_toolchain/bin/../lib/gcc/arm-none-eabi/8.3.1/../../../../arm-none-eabi/lib/thumb/v7-m/nofp\libg.a(lib_a-__call_atexit.o)
                              c:/gmd/toolchain/arm_toolchain/bin/../lib/gcc/arm-none-eabi/8.3.1/../../../../arm-none-eabi/lib/thumb/v7-m/nofp\libg.a(lib_a-exit.o) (__call_exitprocs)
c:/gmd/toolchain/arm_toolchain/bin/../lib/gcc/arm-none-eabi/8.3.1/../../../../arm-none-eabi/lib/thumb/v7-m/nofp\libg.a(lib_a-atexit.o)
                              c:/gmd/toolchain/arm_toolchain/bin/../lib/gcc/arm-none-eabi/8.3.1/../../../../arm-none-eabi/lib/thumb/v7-m/nofp\libg.a(lib_a-__call_atexit.o) (atexit)
c:/gmd/toolchain/arm_toolchain/bin/../lib/gcc/arm-none-eabi/8.3.1/../../../../arm-none-eabi/lib/thumb/v7-m/nofp\libg.a(lib_a-fini.o)
                              c:/gmd/toolchain/arm_toolchain/bin/../lib/gcc/arm-none-eabi/8.3.1/../../../../arm-none-eabi/lib/thumb/v7-m/nofp\libg.a(lib_a-__call_atexit.o) (__libc_fini_array)
c:/gmd/toolchain/arm_toolchain/bin/../lib/gcc/arm-none-eabi/8.3.1/../../../../arm-none-eabi/lib/thumb/v7-m/nofp\libg.a(lib_a-lock.o)
                              c:/gmd/toolchain/arm_toolchain/bin/../lib/gcc/arm-none-eabi/8.3.1/../../../../arm-none-eabi/lib/thumb/v7-m/nofp\libg.a(lib_a-__call_atexit.o) (__retarget_lock_acquire_recursive)
c:/gmd/toolchain/arm_toolchain/bin/../lib/gcc/arm-none-eabi/8.3.1/../../../../arm-none-eabi/lib/thumb/v7-m/nofp\libg.a(lib_a-__atexit.o)
                              c:/gmd/toolchain/arm_toolchain/bin/../lib/gcc/arm-none-eabi/8.3.1/../../../../arm-none-eabi/lib/thumb/v7-m/nofp\libg.a(lib_a-atexit.o) (__register_exitproc)
c:/gmd/toolchain/arm_toolchain/bin/../lib/gcc/arm-none-eabi/8.3.1/../../../../arm-none-eabi/lib/thumb/v7-m/nofp\libnosys.a(_exit.o)
                              c:/gmd/toolchain/arm_toolchain/bin/../lib/gcc/arm-none-eabi/8.3.1/../../../../arm-none-eabi/lib/thumb/v7-m/nofp\libg.a(lib_a-exit.o) (_exit)

Allocating common symbols
Common symbol       size              file

__lock___atexit_recursive_mutex
                    0x1               c:/gmd/toolchain/arm_toolchain/bin/../lib/gcc/arm-none-eabi/8.3.1/../../../../arm-none-eabi/lib/thumb/v7-m/nofp\libg.a(lib_a-lock.o)
__lock___arc4random_mutex
                    0x1               c:/gmd/toolchain/arm_toolchain/bin/../lib/gcc/arm-none-eabi/8.3.1/../../../../arm-none-eabi/lib/thumb/v7-m/nofp\libg.a(lib_a-lock.o)
__lock___env_recursive_mutex
                    0x1               c:/gmd/toolchain/arm_toolchain/bin/../lib/gcc/arm-none-eabi/8.3.1/../../../../arm-none-eabi/lib/thumb/v7-m/nofp\libg.a(lib_a-lock.o)
__lock___sinit_recursive_mutex
                    0x1               c:/gmd/toolchain/arm_toolchain/bin/../lib/gcc/arm-none-eabi/8.3.1/../../../../arm-none-eabi/lib/thumb/v7-m/nofp\libg.a(lib_a-lock.o)
__lock___malloc_recursive_mutex
                    0x1               c:/gmd/toolchain/arm_toolchain/bin/../lib/gcc/arm-none-eabi/8.3.1/../../../../arm-none-eabi/lib/thumb/v7-m/nofp\libg.a(lib_a-lock.o)
LED0Task_Handler    0x4               ./USER/main.o
__lock___at_quick_exit_mutex
                    0x1               c:/gmd/toolchain/arm_toolchain/bin/../lib/gcc/arm-none-eabi/8.3.1/../../../../arm-none-eabi/lib/thumb/v7-m/nofp\libg.a(lib_a-lock.o)
__lock___dd_hash_mutex
                    0x1               c:/gmd/toolchain/arm_toolchain/bin/../lib/gcc/arm-none-eabi/8.3.1/../../../../arm-none-eabi/lib/thumb/v7-m/nofp\libg.a(lib_a-lock.o)
[...]
Memory Configuration

Name             Origin             Length             Attributes
FLASH            0x00000000         0x00008000         xr
RAM              0x20000000         0x00004000         xrw
*default*        0x00000000         0xffffffff

Linker script and memory map

LOAD c:/gmd/toolchain/arm_toolchain/bin/../lib/gcc/arm-none-eabi/8.3.1/thumb/v7-m/nofp/crti.o
LOAD c:/gmd/toolchain/arm_toolchain/bin/../lib/gcc/arm-none-eabi/8.3.1/thumb/v7-m/nofp/crtbegin.o
LOAD c:/gmd/toolchain/arm_toolchain/bin/../lib/gcc/arm-none-eabi/8.3.1/../../../../arm-none-eabi/lib/thumb/v7-m/nofp/crt0.o
LOAD ./USER/gw1ns4c_it.o
LOAD ./USER/main.o
LOAD ./SYSTEM/system_gw1ns4c.o
LOAD ./STARTUP/startup_gw1ns4c.o
LOAD ./PERIPHERAL/Sources/gw1ns4c_gpio.o
LOAD ./PERIPHERAL/Sources/gw1ns4c_i2c.o
LOAD ./PERIPHERAL/Sources/gw1ns4c_misc.o
LOAD ./PERIPHERAL/Sources/gw1ns4c_rtc.o
LOAD ./PERIPHERAL/Sources/gw1ns4c_spi.o
LOAD ./PERIPHERAL/Sources/gw1ns4c_syscon.o
LOAD ./PERIPHERAL/Sources/gw1ns4c_timer.o
LOAD ./PERIPHERAL/Sources/gw1ns4c_uart.o
LOAD ./PERIPHERAL/Sources/gw1ns4c_wdog.o
LOAD ./FreeRTOS/portable/MemMang/heap_4.o
LOAD ./FreeRTOS/portable/GNU/ARM_CM3/port.o
LOAD ./FreeRTOS/croutine.o
LOAD ./FreeRTOS/event_groups.o
LOAD ./FreeRTOS/list.o
LOAD ./FreeRTOS/queue.o
LOAD ./FreeRTOS/stream_buffer.o
LOAD ./FreeRTOS/tasks.o
LOAD ./FreeRTOS/timers.o
LOAD ./CORE/core_cm3.o
START GROUP
LOAD c:/gmd/toolchain/arm_toolchain/bin/../lib/gcc/arm-none-eabi/8.3.1/thumb/v7-m/nofp\libgcc.a
LOAD c:/gmd/toolchain/arm_toolchain/bin/../lib/gcc/arm-none-eabi/8.3.1/../../../../arm-none-eabi/lib/thumb/v7-m/nofp\libg.a
LOAD c:/gmd/toolchain/arm_toolchain/bin/../lib/gcc/arm-none-eabi/8.3.1/../../../../arm-none-eabi/lib/thumb/v7-m/nofp\libc.a
END GROUP
LOAD c:/gmd/toolchain/arm_toolchain/bin/../lib/gcc/arm-none-eabi/8.3.1/thumb/v7-m/nofp/crtend.o
LOAD c:/gmd/toolchain/arm_toolchain/bin/../lib/gcc/arm-none-eabi/8.3.1/thumb/v7-m/nofp/crtn.o
START GROUP
LOAD c:/gmd/toolchain/arm_toolchain/bin/../lib/gcc/arm-none-eabi/8.3.1/thumb/v7-m/nofp\libgcc.a
LOAD c:/gmd/toolchain/arm_toolchain/bin/../lib/gcc/arm-none-eabi/8.3.1/../../../../arm-none-eabi/lib/thumb/v7-m/nofp\libc.a
LOAD c:/gmd/toolchain/arm_toolchain/bin/../lib/gcc/arm-none-eabi/8.3.1/../../../../arm-none-eabi/lib/thumb/v7-m/nofp\libm.a
LOAD c:/gmd/toolchain/arm_toolchain/bin/../lib/gcc/arm-none-eabi/8.3.1/../../../../arm-none-eabi/lib/thumb/v7-m/nofp\libnosys.a
END GROUP

.text           0x00000000     0x154c
 *(.isr_vector)
 .isr_vector    0x00000000       0xc0 ./STARTUP/startup_gw1ns4c.o
                0x00000000                __isr_vector
 *(.text*)
 .text.NMI_Handler
                0x000000c0        0x4 ./USER/gw1ns4c_it.o
                0x000000c0                NMI_Handler
 .text.HardFault_Handler
                0x000000c4        0x4 ./USER/gw1ns4c_it.o
                0x000000c4                HardFault_Handler
 .text.MemManage_Handler
                0x000000c8        0x4 ./USER/gw1ns4c_it.o
                0x000000c8                MemManage_Handler
 .text.BusFault_Handler
                0x000000cc        0x4 ./USER/gw1ns4c_it.o
                0x000000cc                BusFault_Handler
 .text.UsageFault_Handler
                0x000000d0        0x4 ./USER/gw1ns4c_it.o
                0x000000d0                UsageFault_Handler
 .text.DebugMon_Handler
                0x000000d4        0x4 ./USER/gw1ns4c_it.o
                0x000000d4                DebugMon_Handler
 .text.USER_INT0_Handler
                0x000000d8        0x4 ./USER/gw1ns4c_it.o
                0x000000d8                USER_INT0_Handler
 .text.USER_INT1_Handler
                0x000000dc        0x4 ./USER/gw1ns4c_it.o
                0x000000dc                USER_INT1_Handler
 .text.USER_INT2_Handler
                0x000000e0        0x4 ./USER/gw1ns4c_it.o
                0x000000e0                USER_INT2_Handler
 .text.USER_INT3_Handler
                0x000000e4        0x4 ./USER/gw1ns4c_it.o
                0x000000e4                USER_INT3_Handler
 .text.USER_INT4_Handler
                0x000000e8        0x4 ./USER/gw1ns4c_it.o
                0x000000e8                USER_INT4_Handler
 .text.USER_INT5_Handler
                0x000000ec        0x4 ./USER/gw1ns4c_it.o
                0x000000ec                USER_INT5_Handler
 .text.UART0_Handler
                0x000000f0        0x4 ./USER/gw1ns4c_it.o
                0x000000f0                UART0_Handler
 .text.UART1_Handler
                0x000000f4        0x4 ./USER/gw1ns4c_it.o
                0x000000f4                UART1_Handler
 .text.TIMER0_Handler
                0x000000f8        0x4 ./USER/gw1ns4c_it.o
                0x000000f8                TIMER0_Handler
 .text.TIMER1_Handler
                0x000000fc        0x4 ./USER/gw1ns4c_it.o
                0x000000fc                TIMER1_Handler
 .text.I2C_Handler
                0x00000100        0x4 ./USER/gw1ns4c_it.o
                0x00000100                I2C_Handler
 .text.RTC_Handler
                0x00000104        0x4 ./USER/gw1ns4c_it.o
                0x00000104                RTC_Handler
 .text.PORT0_0_Handler
                0x00000108        0x4 ./USER/gw1ns4c_it.o
                0x00000108                PORT0_0_Handler
 .text.PORT0_1_Handler
                0x0000010c        0x4 ./USER/gw1ns4c_it.o
                0x0000010c                PORT0_1_Handler
 .text.PORT0_2_Handler
                0x00000110        0x4 ./USER/gw1ns4c_it.o
                0x00000110                PORT0_2_Handler
 .text.PORT0_3_Handler
                0x00000114        0x4 ./USER/gw1ns4c_it.o
                0x00000114                PORT0_3_Handler
 .text.PORT0_4_Handler
                0x00000118        0x4 ./USER/gw1ns4c_it.o
                0x00000118                PORT0_4_Handler
 .text.PORT0_5_Handler
                0x0000011c        0x4 ./USER/gw1ns4c_it.o
                0x0000011c                PORT0_5_Handler
 .text.PORT0_6_Handler
                0x00000120        0x4 ./USER/gw1ns4c_it.o
                0x00000120                PORT0_6_Handler
 .text.PORT0_7_Handler
                0x00000124        0x4 ./USER/gw1ns4c_it.o
                0x00000124                PORT0_7_Handler
 .text.PORT0_8_Handler
                0x00000128        0x4 ./USER/gw1ns4c_it.o
                0x00000128                PORT0_8_Handler
 .text.PORT0_9_Handler
                0x0000012c        0x4 ./USER/gw1ns4c_it.o
                0x0000012c                PORT0_9_Handler
 .text.PORT0_10_Handler
                0x00000130        0x4 ./USER/gw1ns4c_it.o
                0x00000130                PORT0_10_Handler
 .text.PORT0_11_Handler
                0x00000134        0x4 ./USER/gw1ns4c_it.o
                0x00000134                PORT0_11_Handler
 .text.PORT0_12_Handler
                0x00000138        0x4 ./USER/gw1ns4c_it.o
                0x00000138                PORT0_12_Handler
 .text.PORT0_13_Handler
                0x0000013c        0x4 ./USER/gw1ns4c_it.o
                0x0000013c                PORT0_13_Handler
 .text.PORT0_14_Handler
                0x00000140        0x4 ./USER/gw1ns4c_it.o
                0x00000140                PORT0_14_Handler
 .text.PORT0_15_Handler
                0x00000144        0x4 ./USER/gw1ns4c_it.o
                0x00000144                PORT0_15_Handler
 .text.led1_task
                0x00000148       0x44 ./USER/main.o
 .text.led0_task
                0x0000018c       0x44 ./USER/main.o
 .text.startup.main
                0x000001d0      0x150 ./USER/main.o
                0x000001d0                main
 .text.SysTick_Handler
                0x00000320       0x14 ./USER/main.o
                0x00000320                SysTick_Handler
 .text.SystemInit
                0x00000334       0x2c ./SYSTEM/system_gw1ns4c.o
                0x00000334                SystemInit
 .text          0x00000360       0x98 ./STARTUP/startup_gw1ns4c.o
                0x00000360                Reset_Handler
                0x000003c6                PORT0_COMB_Handler
                0x000003d0                UARTOVF_Handler
                0x000003d6                Spare15_Handler
 .text.GPIO_Init
                0x000003f8       0xc8 ./PERIPHERAL/Sources/gw1ns4c_gpio.o
                0x000003f8                GPIO_Init
 .text.GPIO_SetBit
                0x000004c0        0x8 ./PERIPHERAL/Sources/gw1ns4c_gpio.o
                0x000004c0                GPIO_SetBit
 .text.GPIO_ResetBit
                0x000004c8        0xc ./PERIPHERAL/Sources/gw1ns4c_gpio.o
                0x000004c8                GPIO_ResetBit
 .text.NVIC_PriorityGroupConfig
                0x000004d4       0x14 ./PERIPHERAL/Sources/gw1ns4c_misc.o
                0x000004d4                NVIC_PriorityGroupConfig
 .text.UART_Init
                0x000004e8       0x80 ./PERIPHERAL/Sources/gw1ns4c_uart.o
                0x000004e8                UART_Init
 .text.UART_SendString
                0x00000568       0x18 ./PERIPHERAL/Sources/gw1ns4c_uart.o
                0x00000568                UART_SendString
 .text.pvPortMalloc
                0x00000580      0x13c ./FreeRTOS/portable/MemMang/heap_4.o
                0x00000580                pvPortMalloc
 .text.vPortFree
                0x000006bc       0x8c ./FreeRTOS/portable/MemMang/heap_4.o
                0x000006bc                vPortFree
 .text.prvTaskExitError
                0x00000748       0x20 ./FreeRTOS/portable/GNU/ARM_CM3/port.o
 .text.prvPortStartFirstTask
                0x00000768       0x20 ./FreeRTOS/portable/GNU/ARM_CM3/port.o
 .text.pxPortInitialiseStack
                0x00000788       0x24 ./FreeRTOS/portable/GNU/ARM_CM3/port.o
                0x00000788                pxPortInitialiseStack
 *fill*         0x000007ac        0x4 
 .text.SVC_Handler
                0x000007b0       0x24 ./FreeRTOS/portable/GNU/ARM_CM3/port.o
                0x000007b0                SVC_Handler
 .text.vPortEnterCritical
                0x000007d4       0x20 ./FreeRTOS/portable/GNU/ARM_CM3/port.o
                0x000007d4                vPortEnterCritical
 .text.vPortExitCritical
                0x000007f4       0x14 ./FreeRTOS/portable/GNU/ARM_CM3/port.o
                0x000007f4                vPortExitCritical
 *fill*         0x00000808        0x8 
 .text.PendSV_Handler
                0x00000810       0x44 ./FreeRTOS/portable/GNU/ARM_CM3/port.o
                0x00000810                PendSV_Handler
 .text.xPortSysTickHandler
                0x00000854       0x2c ./FreeRTOS/portable/GNU/ARM_CM3/port.o
                0x00000854                xPortSysTickHandler
 .text.vPortSetupTimerInterrupt
                0x00000880       0x2c ./FreeRTOS/portable/GNU/ARM_CM3/port.o
                0x00000880                vPortSetupTimerInterrupt
 .text.xPortStartScheduler
                0x000008ac       0x50 ./FreeRTOS/portable/GNU/ARM_CM3/port.o
                0x000008ac                xPortStartScheduler
 .text.vListInitialise
                0x000008fc       0x18 ./FreeRTOS/list.o
                0x000008fc                vListInitialise
 .text.vListInitialiseItem
                0x00000914        0x8 ./FreeRTOS/list.o
                0x00000914                vListInitialiseItem
 .text.vListInsertEnd
                0x0000091c       0x1c ./FreeRTOS/list.o
                0x0000091c                vListInsertEnd
 .text.vListInsert
                0x00000938       0x34 ./FreeRTOS/list.o
                0x00000938                vListInsert
 .text.uxListRemove
                0x0000096c       0x24 ./FreeRTOS/list.o
                0x0000096c                uxListRemove
 .text.prvIdleTask
                0x00000990       0x18 ./FreeRTOS/tasks.o
 .text.prvAddCurrentTaskToDelayedList.isra.2
                0x000009a8       0x70 ./FreeRTOS/tasks.o
 .text.xTaskIncrementTick.part.4
                0x00000a18       0xec ./FreeRTOS/tasks.o
 .text.xTaskCreate
                0x00000b04      0x21c ./FreeRTOS/tasks.o
                0x00000b04                xTaskCreate
 .text.vTaskStartScheduler
                0x00000d20      0x184 ./FreeRTOS/tasks.o
                0x00000d20                vTaskStartScheduler
 .text.vTaskSuspendAll
                0x00000ea4       0x10 ./FreeRTOS/tasks.o
                0x00000ea4                vTaskSuspendAll
 .text.xTaskResumeAll
                0x00000eb4      0x124 ./FreeRTOS/tasks.o
                0x00000eb4                xTaskResumeAll
 .text.vTaskDelay
                0x00000fd8       0x34 ./FreeRTOS/tasks.o
                0x00000fd8                vTaskDelay
 .text.xTaskIncrementTick
                0x0000100c       0x24 ./FreeRTOS/tasks.o
                0x0000100c                xTaskIncrementTick
 .text.vTaskSwitchContext
                0x00001030       0x5c ./FreeRTOS/tasks.o
                0x00001030                vTaskSwitchContext
 .text.xTaskGetSchedulerState
                0x0000108c       0x20 ./FreeRTOS/tasks.o
                0x0000108c                xTaskGetSchedulerState
 .text.exit     0x000010ac       0x20 c:/gmd/toolchain/arm_toolchain/bin/../lib/gcc/arm-none-eabi/8.3.1/../../../../arm-none-eabi/lib/thumb/v7-m/nofp\libg.a(lib_a-exit.o)
                0x000010ac                exit
 .text.__call_exitprocs
                0x000010cc       0xb0 c:/gmd/toolchain/arm_toolchain/bin/../lib/gcc/arm-none-eabi/8.3.1/../../../../arm-none-eabi/lib/thumb/v7-m/nofp\libg.a(lib_a-__call_atexit.o)
                0x000010cc                __call_exitprocs
 .text.__retarget_lock_acquire_recursive
                0x0000117c        0x4 c:/gmd/toolchain/arm_toolchain/bin/../lib/gcc/arm-none-eabi/8.3.1/../../../../arm-none-eabi/lib/thumb/v7-m/nofp\libg.a(lib_a-lock.o)
                0x0000117c                __retarget_lock_acquire_recursive
 .text.__retarget_lock_release_recursive
                0x00001180        0x4 c:/gmd/toolchain/arm_toolchain/bin/../lib/gcc/arm-none-eabi/8.3.1/../../../../arm-none-eabi/lib/thumb/v7-m/nofp\libg.a(lib_a-lock.o)
                0x00001180                __retarget_lock_release_recursive
 .text._exit    0x00001184        0x4 c:/gmd/toolchain/arm_toolchain/bin/../lib/gcc/arm-none-eabi/8.3.1/../../../../arm-none-eabi/lib/thumb/v7-m/nofp\libnosys.a(_exit.o)
                0x00001184                _exit
 *(.init)
 .init          0x00001188        0x4 c:/gmd/toolchain/arm_toolchain/bin/../lib/gcc/arm-none-eabi/8.3.1/thumb/v7-m/nofp/crti.o
                0x00001188                _init
 *(.fini)
 .fini          0x0000118c        0x4 c:/gmd/toolchain/arm_toolchain/bin/../lib/gcc/arm-none-eabi/8.3.1/thumb/v7-m/nofp/crti.o
                0x0000118c                _fini
 *crtbegin.o(.ctors)
 *crtbegin?.o(.ctors)
 *(EXCLUDE_FILE(*crtend.o *crtend?.o) .ctors)
 *(SORT_BY_NAME(.ctors.*))
 *(.ctors)
 *crtbegin.o(.dtors)
 *crtbegin?.o(.dtors)
 *(EXCLUDE_FILE(*crtend.o *crtend?.o) .dtors)
 *(SORT_BY_NAME(.dtors.*))
 *(.dtors)
 *(.rodata*)
 .rodata.LOGO   0x00001190      0x2dc ./USER/main.o
                0x00001190                LOGO
 .rodata.led0_task.str1.4
                0x0000146c        0xa ./USER/main.o
 *fill*         0x00001476        0x2 
 .rodata.led1_task.str1.4
                0x00001478        0xc ./USER/main.o
 .rodata.main.str1.4
                0x00001484       0xc4 ./USER/main.o
                                 0xc6 (size before relaxing)
 .rodata._global_impure_ptr
                0x00001548        0x4 c:/gmd/toolchain/arm_toolchain/bin/../lib/gcc/arm-none-eabi/8.3.1/../../../../arm-none-eabi/lib/thumb/v7-m/nofp\libg.a(lib_a-impure.o)
                0x00001548                _global_impure_ptr
 *(.eh_frame*)

.glue_7         0x0000154c        0x0
 .glue_7        0x0000154c        0x0 linker stubs

.glue_7t        0x0000154c        0x0
 .glue_7t       0x0000154c        0x0 linker stubs

.vfp11_veneer   0x0000154c        0x0
 .vfp11_veneer  0x0000154c        0x0 linker stubs

.v4_bx          0x0000154c        0x0
 .v4_bx         0x0000154c        0x0 linker stubs

.iplt           0x0000154c        0x0
 .iplt          0x0000154c        0x0 ./USER/gw1ns4c_it.o

.rel.dyn        0x0000154c        0x0
 .rel.iplt      0x0000154c        0x0 ./USER/gw1ns4c_it.o

.ARM.extab
 *(.ARM.extab* .gnu.linkonce.armextab.*)
                0x0000154c                __exidx_start = .

.ARM.exidx
 *(.ARM.exidx* .gnu.linkonce.armexidx.*)
                0x0000154c                __exidx_end = .
                0x0000154c                __etext = .

.data           0x20000000      0x444 load address 0x0000154c
                0x20000000                __data_start__ = .
 *(vtable)
 *(.data*)
 .data.HCLK     0x20000000        0x4 ./SYSTEM/system_gw1ns4c.o
                0x20000000                HCLK
 .data.PCLK1    0x20000004        0x4 ./SYSTEM/system_gw1ns4c.o
                0x20000004                PCLK1
 .data.PCLK2    0x20000008        0x4 ./SYSTEM/system_gw1ns4c.o
                0x20000008                PCLK2
 .data.SystemCoreClock
                0x2000000c        0x4 ./SYSTEM/system_gw1ns4c.o
                0x2000000c                SystemCoreClock
 .data.uxCriticalNesting
                0x20000010        0x4 ./FreeRTOS/portable/GNU/ARM_CM3/port.o
 *fill*         0x20000014        0x4 
 .data.impure_data
                0x20000018      0x428 c:/gmd/toolchain/arm_toolchain/bin/../lib/gcc/arm-none-eabi/8.3.1/../../../../arm-none-eabi/lib/thumb/v7-m/nofp\libg.a(lib_a-impure.o)
 .data.__atexit_recursive_mutex
                0x20000440        0x4 c:/gmd/toolchain/arm_toolchain/bin/../lib/gcc/arm-none-eabi/8.3.1/../../../../arm-none-eabi/lib/thumb/v7-m/nofp\libg.a(lib_a-__call_atexit.o)
                0x20000440                __atexit_recursive_mutex
                0x20000444                . = ALIGN (0x4)
                0x20000444                PROVIDE (__preinit_array_start = .)
 *(.preinit_array)
                0x20000444                PROVIDE (__preinit_array_end = .)
                0x20000444                . = ALIGN (0x4)
                0x20000444                PROVIDE (__init_array_start = .)
 *(SORT_BY_NAME(.init_array.*))
 *(.init_array)
                0x20000444                PROVIDE (__init_array_end = .)
                0x20000444                . = ALIGN (0x4)
                0x20000444                PROVIDE (__fini_array_start = .)
 *(SORT_BY_NAME(.fini_array.*))
 *(.fini_array)
                0x20000444                PROVIDE (__fini_array_end = .)
                0x20000444                . = ALIGN (0x4)
                0x20000444                __data_end__ = .

.igot.plt       0x20000444        0x0 load address 0x00001990
 .igot.plt      0x20000444        0x0 ./USER/gw1ns4c_it.o

.bss            0x20000444      0x4fc load address 0x00001990
                0x20000444                . = ALIGN (0x4)
                0x20000444                __bss_start__ = .
 *(.bss*)
 .bss.led0_task_flag
                0x20000444        0x4 ./USER/main.o
                0x20000444                led0_task_flag
 .bss.led1_task_flag
                0x20000448        0x4 ./USER/main.o
                0x20000448                led1_task_flag
 .bss.pxEnd     0x2000044c        0x4 ./FreeRTOS/portable/MemMang/heap_4.o
 .bss.ucHeap    0x20000450      0x400 ./FreeRTOS/portable/MemMang/heap_4.o
 .bss.xBlockAllocatedBit
                0x20000850        0x4 ./FreeRTOS/portable/MemMang/heap_4.o
 .bss.xFreeBytesRemaining
                0x20000854        0x4 ./FreeRTOS/portable/MemMang/heap_4.o
 .bss.xMinimumEverFreeBytesRemaining
                0x20000858        0x4 ./FreeRTOS/portable/MemMang/heap_4.o
 .bss.xStart    0x2000085c        0x8 ./FreeRTOS/portable/MemMang/heap_4.o
 .bss.pxCurrentTCB
                0x20000864        0x4 ./FreeRTOS/tasks.o
                0x20000864                pxCurrentTCB
 .bss.pxDelayedTaskList
                0x20000868        0x4 ./FreeRTOS/tasks.o
 .bss.pxOverflowDelayedTaskList
                0x2000086c        0x4 ./FreeRTOS/tasks.o
 .bss.pxReadyTasksLists
                0x20000870       0x3c ./FreeRTOS/tasks.o
 .bss.uxCurrentNumberOfTasks
                0x200008ac        0x4 ./FreeRTOS/tasks.o
 .bss.uxPendedTicks
                0x200008b0        0x4 ./FreeRTOS/tasks.o
 .bss.uxSchedulerSuspended
                0x200008b4        0x4 ./FreeRTOS/tasks.o
 .bss.uxTaskNumber
                0x200008b8        0x4 ./FreeRTOS/tasks.o
 .bss.uxTopReadyPriority
                0x200008bc        0x4 ./FreeRTOS/tasks.o
 .bss.xDelayedTaskList1
                0x200008c0       0x14 ./FreeRTOS/tasks.o
 .bss.xDelayedTaskList2
                0x200008d4       0x14 ./FreeRTOS/tasks.o
 .bss.xIdleTaskHandle
                0x200008e8        0x4 ./FreeRTOS/tasks.o
 .bss.xNextTaskUnblockTime
                0x200008ec        0x4 ./FreeRTOS/tasks.o
 .bss.xNumOfOverflows
                0x200008f0        0x4 ./FreeRTOS/tasks.o
 .bss.xPendingReadyList
                0x200008f4       0x14 ./FreeRTOS/tasks.o
 .bss.xSchedulerRunning
                0x20000908        0x4 ./FreeRTOS/tasks.o
 .bss.xTickCount
                0x2000090c        0x4 ./FreeRTOS/tasks.o
 .bss.xYieldPending
                0x20000910        0x4 ./FreeRTOS/tasks.o
 *(COMMON)
 COMMON         0x20000914        0x8 ./USER/main.o
                0x20000914                LED0Task_Handler
                0x20000918                LED1Task_Handler
 COMMON         0x2000091c       0x21 c:/gmd/toolchain/arm_toolchain/bin/../lib/gcc/arm-none-eabi/8.3.1/../../../../arm-none-eabi/lib/thumb/v7-m/nofp\libg.a(lib_a-lock.o)
                0x2000091c                __lock___atexit_recursive_mutex
                0x20000920                __lock___arc4random_mutex
                0x20000924                __lock___env_recursive_mutex
                0x20000928                __lock___sinit_recursive_mutex
                0x2000092c                __lock___malloc_recursive_mutex
                0x20000930                __lock___at_quick_exit_mutex
                0x20000934                __lock___dd_hash_mutex
                0x20000938                __lock___tz_mutex
                0x2000093c                __lock___sfp_recursive_mutex
                0x20000940                . = ALIGN (0x4)
 *fill*         0x2000093d        0x3 
                0x20000940                __bss_end__ = .

.heap           0x20000940      0x200
                0x20000940                __end__ = .
                0x20000940                end = __end__
 *(.heap*)
 .heap          0x20000940      0x200 ./STARTUP/startup_gw1ns4c.o
                0x20000940                __HeapBase
                0x20000b40                __HeapLimit = .

.stack_dummy    0x20000940      0x400
 *(.stack*)
 .stack         0x20000940      0x400 ./STARTUP/startup_gw1ns4c.o
                0x20004000                __StackTop = (ORIGIN (RAM) + LENGTH (RAM))
                0x20003c00                __StackLimit = (__StackTop - SIZEOF (.stack_dummy))
                0x20004000                PROVIDE (__stack = __StackTop)
                0x00000001                ASSERT ((__StackLimit >= __HeapLimit), region RAM overflowed with stack)
OUTPUT(cm3_free_rtos.elf elf32-littlearm)

.ARM.attributes
                0x00000000       0x29
 .ARM.attributes
                0x00000000       0x1d c:/gmd/toolchain/arm_toolchain/bin/../lib/gcc/arm-none-eabi/8.3.1/thumb/v7-m/nofp/crti.o
 .ARM.attributes
                0x0000001d       0x2d ./USER/gw1ns4c_it.o
 .ARM.attributes
                0x0000004a       0x2d ./USER/main.o
 .ARM.attributes
                0x00000077       0x2d ./SYSTEM/system_gw1ns4c.o
 .ARM.attributes
                0x000000a4       0x1b ./STARTUP/startup_gw1ns4c.o
 .ARM.attributes
                0x000000bf       0x2d ./PERIPHERAL/Sources/gw1ns4c_gpio.o
 .ARM.attributes
                0x000000ec       0x2d ./PERIPHERAL/Sources/gw1ns4c_misc.o
 .ARM.attributes
                0x00000119       0x2d ./PERIPHERAL/Sources/gw1ns4c_uart.o
 .ARM.attributes
                0x00000146       0x2d ./FreeRTOS/portable/MemMang/heap_4.o
 .ARM.attributes
                0x00000173       0x2d ./FreeRTOS/portable/GNU/ARM_CM3/port.o
 .ARM.attributes
                0x000001a0       0x2d ./FreeRTOS/list.o
 .ARM.attributes
                0x000001cd       0x2d ./FreeRTOS/tasks.o
 .ARM.attributes
                0x000001fa       0x2d c:/gmd/toolchain/arm_toolchain/bin/../lib/gcc/arm-none-eabi/8.3.1/../../../../arm-none-eabi/lib/thumb/v7-m/nofp\libg.a(lib_a-exit.o)
 .ARM.attributes
                0x00000227       0x2d c:/gmd/toolchain/arm_toolchain/bin/../lib/gcc/arm-none-eabi/8.3.1/../../../../arm-none-eabi/lib/thumb/v7-m/nofp\libg.a(lib_a-impure.o)
 .ARM.attributes
                0x00000254       0x2d c:/gmd/toolchain/arm_toolchain/bin/../lib/gcc/arm-none-eabi/8.3.1/../../../../arm-none-eabi/lib/thumb/v7-m/nofp\libg.a(lib_a-__call_atexit.o)
 .ARM.attributes
                0x00000281       0x2d c:/gmd/toolchain/arm_toolchain/bin/../lib/gcc/arm-none-eabi/8.3.1/../../../../arm-none-eabi/lib/thumb/v7-m/nofp\libg.a(lib_a-lock.o)
 .ARM.attributes
                0x000002ae       0x2d c:/gmd/toolchain/arm_toolchain/bin/../lib/gcc/arm-none-eabi/8.3.1/../../../../arm-none-eabi/lib/thumb/v7-m/nofp\libnosys.a(_exit.o)

.comment        0x00000000       0x76
 .comment       0x00000000       0x76 ./USER/gw1ns4c_it.o
                                 0x77 (size before relaxing)
 .comment       0x00000076       0x77 ./USER/main.o
 .comment       0x00000076       0x77 ./SYSTEM/system_gw1ns4c.o
 .comment       0x00000076       0x77 ./PERIPHERAL/Sources/gw1ns4c_gpio.o
 .comment       0x00000076       0x77 ./PERIPHERAL/Sources/gw1ns4c_misc.o
 .comment       0x00000076       0x77 ./PERIPHERAL/Sources/gw1ns4c_uart.o
 .comment       0x00000076       0x77 ./FreeRTOS/portable/MemMang/heap_4.o
 .comment       0x00000076       0x77 ./FreeRTOS/portable/GNU/ARM_CM3/port.o
 .comment       0x00000076       0x77 ./FreeRTOS/list.o
 .comment       0x00000076       0x77 ./FreeRTOS/tasks.o

.debug_info     0x00000000     0x6a32
 .debug_info    0x00000000      0x222 ./USER/gw1ns4c_it.o
 .debug_info    0x00000222      0xf57 ./USER/main.o
 .debug_info    0x00001179      0x11c ./SYSTEM/system_gw1ns4c.o
 .debug_info    0x00001295       0x26 ./STARTUP/startup_gw1ns4c.o
 .debug_info    0x000012bb      0x778 ./PERIPHERAL/Sources/gw1ns4c_gpio.o
 .debug_info    0x00001a33      0x537 ./PERIPHERAL/Sources/gw1ns4c_misc.o
 .debug_info    0x00001f6a      0x6f3 ./PERIPHERAL/Sources/gw1ns4c_uart.o
 .debug_info    0x0000265d      0xd2d ./FreeRTOS/portable/MemMang/heap_4.o
 .debug_info    0x0000338a      0x409 ./FreeRTOS/portable/GNU/ARM_CM3/port.o
 .debug_info    0x00003793      0xbcb ./FreeRTOS/list.o
 .debug_info    0x0000435e     0x26d4 ./FreeRTOS/tasks.o

.debug_abbrev   0x00000000     0x184b
 .debug_abbrev  0x00000000       0xc8 ./USER/gw1ns4c_it.o
 .debug_abbrev  0x000000c8      0x352 ./USER/main.o
 .debug_abbrev  0x0000041a       0xa3 ./SYSTEM/system_gw1ns4c.o
 .debug_abbrev  0x000004bd       0x14 ./STARTUP/startup_gw1ns4c.o
 .debug_abbrev  0x000004d1      0x1f4 ./PERIPHERAL/Sources/gw1ns4c_gpio.o
 .debug_abbrev  0x000006c5      0x1c1 ./PERIPHERAL/Sources/gw1ns4c_misc.o
 .debug_abbrev  0x00000886      0x237 ./PERIPHERAL/Sources/gw1ns4c_uart.o
 .debug_abbrev  0x00000abd      0x396 ./FreeRTOS/portable/MemMang/heap_4.o
 .debug_abbrev  0x00000e53      0x24a ./FreeRTOS/portable/GNU/ARM_CM3/port.o
 .debug_abbrev  0x0000109d      0x24c ./FreeRTOS/list.o
 .debug_abbrev  0x000012e9      0x562 ./FreeRTOS/tasks.o

.debug_aranges  0x00000000      0x468
 .debug_aranges
                0x00000000       0x40 ./USER/gw1ns4c_it.o
 .debug_aranges
                0x00000040       0x38 ./USER/main.o
 .debug_aranges
                0x00000078       0x20 ./SYSTEM/system_gw1ns4c.o
 .debug_aranges
                0x00000098       0x20 ./STARTUP/startup_gw1ns4c.o
 .debug_aranges
                0x000000b8       0xb8 ./PERIPHERAL/Sources/gw1ns4c_gpio.o
 .debug_aranges
                0x00000170       0x38 ./PERIPHERAL/Sources/gw1ns4c_misc.o
 .debug_aranges
                0x000001a8       0xc0 ./PERIPHERAL/Sources/gw1ns4c_uart.o
 .debug_aranges
                0x00000268       0x40 ./FreeRTOS/portable/MemMang/heap_4.o
 .debug_aranges
                0x000002a8       0x70 ./FreeRTOS/portable/GNU/ARM_CM3/port.o
 .debug_aranges
                0x00000318       0x40 ./FreeRTOS/list.o
 .debug_aranges
                0x00000358      0x110 ./FreeRTOS/tasks.o

.debug_ranges   0x00000000      0x718
 .debug_ranges  0x00000000       0x30 ./USER/gw1ns4c_it.o
 .debug_ranges  0x00000030       0xb8 ./USER/main.o
 .debug_ranges  0x000000e8       0x10 ./SYSTEM/system_gw1ns4c.o
 .debug_ranges  0x000000f8       0xa8 ./PERIPHERAL/Sources/gw1ns4c_gpio.o
 .debug_ranges  0x000001a0       0x28 ./PERIPHERAL/Sources/gw1ns4c_misc.o
 .debug_ranges  0x000001c8       0xb0 ./PERIPHERAL/Sources/gw1ns4c_uart.o
 .debug_ranges  0x00000278       0x60 ./FreeRTOS/portable/MemMang/heap_4.o
 .debug_ranges  0x000002d8       0x78 ./FreeRTOS/portable/GNU/ARM_CM3/port.o
 .debug_ranges  0x00000350       0x30 ./FreeRTOS/list.o
 .debug_ranges  0x00000380      0x398 ./FreeRTOS/tasks.o

.debug_macro    0x00000000     0x4245
 .debug_macro   0x00000000      0x100 ./USER/gw1ns4c_it.o
 .debug_macro   0x00000100      0xa78 ./USER/gw1ns4c_it.o
 .debug_macro   0x00000b78       0x22 ./USER/gw1ns4c_it.o
 .debug_macro   0x00000b9a       0x22 ./USER/gw1ns4c_it.o
 .debug_macro   0x00000bbc       0x22 ./USER/gw1ns4c_it.o
 .debug_macro   0x00000bde       0x8e ./USER/gw1ns4c_it.o
 .debug_macro   0x00000c6c       0x51 ./USER/gw1ns4c_it.o
 .debug_macro   0x00000cbd      0x103 ./USER/gw1ns4c_it.o
 .debug_macro   0x00000dc0       0x6a ./USER/gw1ns4c_it.o
 .debug_macro   0x00000e2a      0x1df ./USER/gw1ns4c_it.o
 .debug_macro   0x00001009      0x7b7 ./USER/gw1ns4c_it.o
 .debug_macro   0x000017c0      0x314 ./USER/gw1ns4c_it.o
 .debug_macro   0x00001ad4       0x6a ./USER/gw1ns4c_it.o
 .debug_macro   0x00001b3e       0x3a ./USER/gw1ns4c_it.o
 .debug_macro   0x00001b78       0x7c ./USER/gw1ns4c_it.o
 .debug_macro   0x00001bf4       0x22 ./USER/gw1ns4c_it.o
 .debug_macro   0x00001c16       0x64 ./USER/gw1ns4c_it.o
 .debug_macro   0x00001c7a       0x58 ./USER/gw1ns4c_it.o
 .debug_macro   0x00001cd2       0x34 ./USER/gw1ns4c_it.o
 .debug_macro   0x00001d06       0x1c ./USER/gw1ns4c_it.o
 .debug_macro   0x00001d22      0x1a3 ./USER/main.o
 .debug_macro   0x00001ec5      0x174 ./USER/main.o
 .debug_macro   0x00002039       0xc4 ./USER/main.o
 .debug_macro   0x000020fd      0x15a ./USER/main.o
 .debug_macro   0x00002257       0xdd ./USER/main.o
 .debug_macro   0x00002334       0x1c ./USER/main.o
 .debug_macro   0x00002350       0x26 ./USER/main.o
 .debug_macro   0x00002376      0x520 ./USER/main.o
 .debug_macro   0x00002896       0xb5 ./USER/main.o
 .debug_macro   0x0000294b       0xaa ./USER/main.o
 .debug_macro   0x000029f5      0x102 ./SYSTEM/system_gw1ns4c.o
 .debug_macro   0x00002af7      0x100 ./PERIPHERAL/Sources/gw1ns4c_gpio.o
 .debug_macro   0x00002bf7       0x34 ./PERIPHERAL/Sources/gw1ns4c_gpio.o
 .debug_macro   0x00002c2b      0x106 ./PERIPHERAL/Sources/gw1ns4c_misc.o
 .debug_macro   0x00002d31       0x2e ./PERIPHERAL/Sources/gw1ns4c_misc.o
 .debug_macro   0x00002d5f      0x100 ./PERIPHERAL/Sources/gw1ns4c_uart.o
 .debug_macro   0x00002e5f       0x76 ./PERIPHERAL/Sources/gw1ns4c_uart.o
 .debug_macro   0x00002ed5      0x233 ./FreeRTOS/portable/MemMang/heap_4.o
 .debug_macro   0x00003108       0x18 ./FreeRTOS/portable/MemMang/heap_4.o
 .debug_macro   0x00003120       0x58 ./FreeRTOS/portable/MemMang/heap_4.o
 .debug_macro   0x00003178       0x94 ./FreeRTOS/portable/MemMang/heap_4.o
 .debug_macro   0x0000320c       0x35 ./FreeRTOS/portable/MemMang/heap_4.o
 .debug_macro   0x00003241       0x34 ./FreeRTOS/portable/MemMang/heap_4.o
 .debug_macro   0x00003275       0x16 ./FreeRTOS/portable/MemMang/heap_4.o
 .debug_macro   0x0000328b      0x10e ./FreeRTOS/portable/MemMang/heap_4.o
 .debug_macro   0x00003399       0x8d ./FreeRTOS/portable/MemMang/heap_4.o
 .debug_macro   0x00003426       0x16 ./FreeRTOS/portable/MemMang/heap_4.o
 .debug_macro   0x0000343c       0x43 ./FreeRTOS/portable/MemMang/heap_4.o
 .debug_macro   0x0000347f       0x57 ./FreeRTOS/portable/MemMang/heap_4.o
 .debug_macro   0x000034d6       0x34 ./FreeRTOS/portable/MemMang/heap_4.o
 .debug_macro   0x0000350a       0x10 ./FreeRTOS/portable/MemMang/heap_4.o
 .debug_macro   0x0000351a       0x58 ./FreeRTOS/portable/MemMang/heap_4.o
 .debug_macro   0x00003572      0x182 ./FreeRTOS/portable/MemMang/heap_4.o
 .debug_macro   0x000036f4      0x339 ./FreeRTOS/portable/MemMang/heap_4.o
 .debug_macro   0x00003a2d       0x16 ./FreeRTOS/portable/MemMang/heap_4.o
 .debug_macro   0x00003a43       0x29 ./FreeRTOS/portable/MemMang/heap_4.o
 .debug_macro   0x00003a6c       0xbe ./FreeRTOS/portable/MemMang/heap_4.o
 .debug_macro   0x00003b2a      0x206 ./FreeRTOS/portable/GNU/ARM_CM3/port.o
 .debug_macro   0x00003d30      0x20c ./FreeRTOS/list.o
 .debug_macro   0x00003f3c      0x2f9 ./FreeRTOS/tasks.o
 .debug_macro   0x00004235       0x10 ./FreeRTOS/tasks.o

.debug_line     0x00000000     0x5073
 .debug_line    0x00000000      0x3a9 ./USER/gw1ns4c_it.o
 .debug_line    0x000003a9      0x67e ./USER/main.o
 .debug_line    0x00000a27      0x364 ./SYSTEM/system_gw1ns4c.o
 .debug_line    0x00000d8b       0x98 ./STARTUP/startup_gw1ns4c.o
 .debug_line    0x00000e23      0x756 ./PERIPHERAL/Sources/gw1ns4c_gpio.o
 .debug_line    0x00001579      0x404 ./PERIPHERAL/Sources/gw1ns4c_misc.o
 .debug_line    0x0000197d      0x69f ./PERIPHERAL/Sources/gw1ns4c_uart.o
 .debug_line    0x0000201c      0x880 ./FreeRTOS/portable/MemMang/heap_4.o
 .debug_line    0x0000289c      0x6d9 ./FreeRTOS/portable/GNU/ARM_CM3/port.o
 .debug_line    0x00002f75      0x66b ./FreeRTOS/list.o
 .debug_line    0x000035e0     0x1a93 ./FreeRTOS/tasks.o

.debug_str      0x00000000    0x120ca
 .debug_str     0x00000000     0x884a ./USER/gw1ns4c_it.o
                               0x89b9 (size before relaxing)
 .debug_str     0x0000884a     0x459a ./USER/main.o
                               0xcdc3 (size before relaxing)
 .debug_str     0x0000cde4       0x62 ./SYSTEM/system_gw1ns4c.o
                               0x87d8 (size before relaxing)
 .debug_str     0x0000ce46       0x2b ./STARTUP/startup_gw1ns4c.o
                                 0x50 (size before relaxing)
 .debug_str     0x0000ce71      0x16e ./PERIPHERAL/Sources/gw1ns4c_gpio.o
                               0x8a9a (size before relaxing)
 .debug_str     0x0000cfdf      0x1ff ./PERIPHERAL/Sources/gw1ns4c_misc.o
                               0x89db (size before relaxing)
 .debug_str     0x0000d1de      0x20f ./PERIPHERAL/Sources/gw1ns4c_uart.o
                               0x8abb (size before relaxing)
 .debug_str     0x0000d3ed     0x2ef4 ./FreeRTOS/portable/MemMang/heap_4.o
                               0xf72d (size before relaxing)
 .debug_str     0x000102e1      0x65b ./FreeRTOS/portable/GNU/ARM_CM3/port.o
                               0xced2 (size before relaxing)
 .debug_str     0x0001093c      0x112 ./FreeRTOS/list.o
                               0xef3a (size before relaxing)
 .debug_str     0x00010a4e     0x167c ./FreeRTOS/tasks.o
                              0x10e3e (size before relaxing)

.debug_frame    0x00000000      0xd18
 .debug_frame   0x00000000      0x230 ./USER/gw1ns4c_it.o
 .debug_frame   0x00000230       0x74 ./USER/main.o
 .debug_frame   0x000002a4       0x48 ./SYSTEM/system_gw1ns4c.o
 .debug_frame   0x000002ec      0x174 ./PERIPHERAL/Sources/gw1ns4c_gpio.o
 .debug_frame   0x00000460       0x6c ./PERIPHERAL/Sources/gw1ns4c_misc.o
 .debug_frame   0x000004cc      0x16c ./PERIPHERAL/Sources/gw1ns4c_uart.o
 .debug_frame   0x00000638       0x9c ./FreeRTOS/portable/MemMang/heap_4.o
 .debug_frame   0x000006d4       0xf8 ./FreeRTOS/portable/GNU/ARM_CM3/port.o
 .debug_frame   0x000007cc       0x88 ./FreeRTOS/list.o
 .debug_frame   0x00000854      0x370 ./FreeRTOS/tasks.o
 .debug_frame   0x00000bc4       0x28 c:/gmd/toolchain/arm_toolchain/bin/../lib/gcc/arm-none-eabi/8.3.1/../../../../arm-none-eabi/lib/thumb/v7-m/nofp\libg.a(lib_a-exit.o)
 .debug_frame   0x00000bec       0x5c c:/gmd/toolchain/arm_toolchain/bin/../lib/gcc/arm-none-eabi/8.3.1/../../../../arm-none-eabi/lib/thumb/v7-m/nofp\libg.a(lib_a-__call_atexit.o)
 .debug_frame   0x00000c48       0xb0 c:/gmd/toolchain/arm_toolchain/bin/../lib/gcc/arm-none-eabi/8.3.1/../../../../arm-none-eabi/lib/thumb/v7-m/nofp\libg.a(lib_a-lock.o)
 .debug_frame   0x00000cf8       0x20 c:/gmd/toolchain/arm_toolchain/bin/../lib/gcc/arm-none-eabi/8.3.1/../../../../arm-none-eabi/lib/thumb/v7-m/nofp\libnosys.a(_exit.o)

.debug_loc      0x00000000     0x2f3a
 .debug_loc     0x00000000      0x15c ./USER/main.o
 .debug_loc     0x0000015c      0x337 ./PERIPHERAL/Sources/gw1ns4c_gpio.o
 .debug_loc     0x00000493      0x19b ./PERIPHERAL/Sources/gw1ns4c_misc.o
 .debug_loc     0x0000062e      0xa08 ./PERIPHERAL/Sources/gw1ns4c_uart.o
 .debug_loc     0x00001036      0x629 ./FreeRTOS/portable/MemMang/heap_4.o
 .debug_loc     0x0000165f       0xbe ./FreeRTOS/portable/GNU/ARM_CM3/port.o
 .debug_loc     0x0000171d       0xa1 ./FreeRTOS/list.o
 .debug_loc     0x000017be     0x177c ./FreeRTOS/tasks.o
