Archive member included to satisfy reference by file (symbol)

c:/gmd/toolchain/arm_toolchain/bin/../lib/gcc/arm-none-eabi/8.3.1/../../../../arm-none-eabi/lib/thumb/v7-m/nofp\libg.a(lib_a-exit.o)
                              c:/gmd/toolchain/arm_toolchain/bin/../lib/gcc/arm-none-eabi/8.3.1/../../../../arm-none-eabi/lib/thumb/v7-m/nofp/crt0.o (exit)
c:/gmd/toolchain/arm_toolchain/bin/../lib/gcc/arm-none-eabi/8.3.1/../../../../arm-none-eabi/lib/thumb/v7-m/nofp\libg.a(lib_a-impure.o)
                              c:/gmd/toolchain/arm_toolchain/bin/../lib/gcc/arm-none-eabi/8.3.1/../../../../arm-none-eabi/lib/thumb/v7-m/nofp\libg.a(lib_a-exit.o) (_global_impure_ptr)
c:/gmd/toolchain/arm_toolchain/bin/../lib/gcc/arm-none-eabi/8.3.1/../../../../arm-none-eabi/lib/thumb/v7-m/nofp\libg.a(lib_a-init.o)
                              c:/gmd/toolchain/arm_toolchain/bin/../lib/gcc/arm-none-eabi/8.3.1/../../../../arm-none-eabi/lib/thumb/v7-m/nofp/crt0.o (__libc_init_array)
c:/gmd/toolchain/arm_toolchain/bin/../lib/gcc/arm-none-eabi/8.3.1/../../../../arm-none-eabi/lib/thumb/v7-m/nofp\libg.a(lib_a-memset.o)
                              c:/gmd/toolchain/arm_toolchain/bin/../lib/gcc/arm-none-eabi/8.3.1/../../../../arm-none-eabi/lib/thumb/v7-m/nofp/crt0.o (memset)
c:/gmd/toolchain/arm_toolchain/bin/../lib/gcc/arm-none-eabi/8.3.1/../../../../arm-none-eabi/lib/thumb/v7-m/nofp\libg.a(lib_a-__call_atexit.o)
                              c:/gmd/toolchain/arm_toolchain/bin/../lib/gcc/arm-none-eabi/8.3.1/../../../../arm-none-eabi/lib/thumb/v7-m/nofp\libg.a(lib_a-exit.o) (__call_exitprocs)
c:/gmd/toolchain/arm_toolchain/bin/../lib/gcc/arm-none-eabi/8.3.1/../../../../arm-none-eabi/lib/thumb/v7-m/nofp\libg.a(lib_a-atexit.o)
                              c:/gmd/toolchain/arm_toolchain/bin/../lib/gcc/arm-none-eabi/8.3.1/../../../../arm-none-eabi/lib/thumb/v7-m/nofp\libg.a(lib_a-__call_atexit.o) (atexit)
c:/gmd/toolchain/arm_toolchain/bin/../lib/gcc/arm-none-eabi/8.3.1/../../../../arm-none-eabi/lib/thumb/v7-m/nofp\libg.a(lib_a-fini.o)
                              c:/gmd/toolchain/arm_toolchain/bin/../lib/gcc/arm-none-eabi/8.3.1/../../../../arm-none-eabi/lib/thumb/v7-m/nofp\libg.a(lib_a-__call_atexit.o) (__libc_fini_array)
c:/gmd/toolchain/arm_toolchain/bin/../lib/gcc/arm-none-eabi/8.3.1/../../../../arm-none-eabi/lib/thumb/v7-m/nofp\libg.a(lib_a-lock.o)
                              c:/gmd/toolchain/arm_toolchain/bin/../lib/gcc/arm-none-eabi/8.3.1/../../../../arm-none-eabi/lib/thumb/v7-m/nofp\libg.a(lib_a-__call_atexit.o) (__retarget_lock_acquire_recursive)
c:/gmd/toolchain/arm_toolchain/bin/../lib/gcc/arm-none-eabi/8.3.1/../../../../arm-none-eabi/lib/thumb/v7-m/nofp\libg.a(lib_a-__atexit.o)
                              c:/gmd/toolchain/arm_toolchain/bin/../lib/gcc/arm-none-eabi/8.3.1/../../../../arm-none-eabi/lib/thumb/v7-m/nofp\libg.a(lib_a-atexit.o) (__register_exitproc)
c:/gmd/toolchain/arm_toolchain/bin/../lib/gcc/arm-none-eabi/8.3.1/../../../../arm-none-eabi/lib/thumb/v7-m/nofp\libnosys.a(_exit.o)
                              c:/gmd/toolchain/arm_toolchain/bin/../lib/gcc/arm-none-eabi/8.3.1/../../../../arm-none-eabi/lib/thumb/v7-m/nofp\libg.a(lib_a-exit.o) (_exit)

Allocating common symbols
Common symbol       size              file

__lock___atexit_recursive_mutex
                    0x1               c:/gmd/toolchain/arm_toolchain/bin/../lib/gcc/arm-none-eabi/8.3.1/../../../../arm-none-eabi/lib/thumb/v7-m/nofp\libg.a(lib_a-lock.o)
__lock___arc4random_mutex
                    0x1               c:/gmd/toolchain/arm_toolchain/bin/../lib/gcc/arm-none-eabi/8.3.1/../../../../arm-none-eabi/lib/thumb/v7-m/nofp\libg.a(lib_a-lock.o)
__lock___env_recursive_mutex
                    0x1               c:/gmd/toolchain/arm_toolchain/bin/../lib/gcc/arm-none-eabi/8.3.1/../../../../arm-none-eabi/lib/thumb/v7-m/nofp\libg.a(lib_a-lock.o)
__lock___sinit_recursive_mutex
                    0x1               c:/gmd/toolchain/arm_toolchain/bin/../lib/gcc/arm-none-eabi/8.3.1/../../../../arm-none-eabi/lib/thumb/v7-m/nofp\libg.a(lib_a-lock.o)
__lock___malloc_recursive_mutex
                    0x1               c:/gmd/toolchain/arm_toolchain/bin/../lib/gcc/arm-none-eabi/8.3.1/../../../../arm-none-eabi/lib/thumb/v7-m/nofp\libg.a(lib_a-lock.o)
__lock___at_quick_exit_mutex
                    0x1               c:/gmd/toolchain/arm_toolchain/bin/../lib/gcc/arm-none-eabi/8.3.1/../../../../arm-none-eabi/lib/thumb/v7-m/nofp\libg.a(lib_a-lock.o)
__lock___dd_hash_mutex
                    0x1               c:/gmd/toolchain/arm_toolchain/bin/../lib/gcc/arm-none-eabi/8.3.1/../../../../arm-none-eabi/lib/thumb/v7-m/nofp\libg.a(lib_a-lock.o)
__lock___tz_mutex   0x1               c:/gmd/toolchain/arm_toolchain/bin/../lib/gcc/arm-none-eabi/8.3.1/../../../../arm-none-eabi/lib/thumb/v7-m/nofp\libg.a(lib_a-lock.o)
__lock___sfp_recursive_mutex
                    0x1               c:/gmd/toolchain/arm_toolchain/bin/../lib/gcc/arm-none-eabi/8.3.1/../../../../arm-none-eabi/lib/thumb/v7-m/nofp\libg.a(lib_a-lock.o)

Discarded input sections

 .text          0x00000000        0x0 c:/gmd/toolchain/arm_toolchain/bin/../lib/gcc/arm-none-eabi/8.3.1/thumb/v7-m/nofp/crti.o
 .data          0x00000000        0x0 c:/gmd/toolchain/arm_toolchain/bin/../lib/gcc/arm-none-eabi/8.3.1/thumb/v7-m/nofp/crti.o
 .bss           0x00000000        0x0 c:/gmd/toolchain/arm_toolchain/bin/../lib/gcc/arm-none-eabi/8.3.1/thumb/v7-m/nofp/crti.o
 .text          0x00000000       0x40 c:/gmd/toolchain/arm_toolchain/bin/../lib/gcc/arm-none-eabi/8.3.1/thumb/v7-m/nofp/crtbegin.o
 .data          0x00000000        0x4 c:/gmd/toolchain/arm_toolchain/bin/../lib/gcc/arm-none-eabi/8.3.1/thumb/v7-m/nofp/crtbegin.o
 .bss           0x00000000       0x1c c:/gmd/toolchain/arm_toolchain/bin/../lib/gcc/arm-none-eabi/8.3.1/thumb/v7-m/nofp/crtbegin.o
 .init_array    0x00000000        0x4 c:/gmd/toolchain/arm_toolchain/bin/../lib/gcc/arm-none-eabi/8.3.1/thumb/v7-m/nofp/crtbegin.o
 .fini_array    0x00000000        0x4 c:/gmd/toolchain/arm_toolchain/bin/../lib/gcc/arm-none-eabi/8.3.1/thumb/v7-m/nofp/crtbegin.o
 .eh_frame      0x00000000        0x0 c:/gmd/toolchain/arm_toolchain/bin/../lib/gcc/arm-none-eabi/8.3.1/thumb/v7-m/nofp/crtbegin.o
 .ARM.attributes
                0x00000000       0x2d c:/gmd/toolchain/arm_toolchain/bin/../lib/gcc/arm-none-eabi/8.3.1/thumb/v7-m/nofp/crtbegin.o
 .text          0x00000000       0x74 c:/gmd/toolchain/arm_toolchain/bin/../lib/gcc/arm-none-eabi/8.3.1/../../../../arm-none-eabi/lib/thumb/v7-m/nofp/crt0.o
 .data          0x00000000        0x0 c:/gmd/toolchain/arm_toolchain/bin/../lib/gcc/arm-none-eabi/8.3.1/../../../../arm-none-eabi/lib/thumb/v7-m/nofp/crt0.o
 .bss           0x00000000        0x0 c:/gmd/toolchain/arm_toolchain/bin/../lib/gcc/arm-none-eabi/8.3.1/../../../../arm-none-eabi/lib/thumb/v7-m/nofp/crt0.o
 .ARM.extab     0x00000000        0x0 c:/gmd/toolchain/arm_toolchain/bin/../lib/gcc/arm-none-eabi/8.3.1/../../../../arm-none-eabi/lib/thumb/v7-m/nofp/crt0.o
 .ARM.exidx     0x00000000        0x8 c:/gmd/toolchain/arm_toolchain/bin/../lib/gcc/arm-none-eabi/8.3.1/../../../../arm-none-eabi/lib/thumb/v7-m/nofp/crt0.o
 .ARM.attributes
                0x00000000       0x1b c:/gmd/toolchain/arm_toolchain/bin/../lib/gcc/arm-none-eabi/8.3.1/../../../../arm-none-eabi/lib/thumb/v7-m/nofp/crt0.o
 .group         0x00000000        0xc ./USER/gw1ns4c_it.o
 .group         0x00000000        0xc ./USER/gw1ns4c_it.o
 .group         0x00000000        0xc ./USER/gw1ns4c_it.o
 .group         0x00000000        0xc ./USER/gw1ns4c_it.o
 .group         0x00000000        0xc ./USER/gw1ns4c_it.o
 .group         0x00000000        0xc ./USER/gw1ns4c_it.o
 .group         0x00000000        0xc ./USER/gw1ns4c_it.o
 .group         0x00000000        0xc ./USER/gw1ns4c_it.o
 .group         0x00000000        0xc ./USER/gw1ns4c_it.o
 .group         0x00000000        0xc ./USER/gw1ns4c_it.o
 .group         0x00000000        0xc ./USER/gw1ns4c_it.o
 .group         0x00000000        0xc ./USER/gw1ns4c_it.o
 .group         0x00000000        0xc ./USER/gw1ns4c_it.o
 .group         0x00000000        0xc ./USER/gw1ns4c_it.o
 .group         0x00000000        0xc ./USER/gw1ns4c_it.o
 .group         0x00000000        0xc ./USER/gw1ns4c_it.o
 .group         0x00000000        0xc ./USER/gw1ns4c_it.o
 .group         0x00000000        0xc ./USER/gw1ns4c_it.o
 .group         0x00000000        0xc ./USER/gw1ns4c_it.o
 .text          0x00000000        0x0 ./USER/gw1ns4c_it.o
 .data          0x00000000        0x0 ./USER/gw1ns4c_it.o
 .bss           0x00000000        0x0 ./USER/gw1ns4c_it.o
 .group         0x00000000        0xc ./USER/main.o
 .group         0x00000000        0xc ./USER/main.o
 .group         0x00000000        0xc ./USER/main.o
 .group         0x00000000        0xc ./USER/main.o
 .group         0x00000000        0xc ./USER/main.o
 .group         0x00000000        0xc ./USER/main.o
 .group         0x00000000        0xc ./USER/main.o
 .group         0x00000000        0xc ./USER/main.o
 .group         0x00000000        0xc ./USER/main.o
 .group         0x00000000        0xc ./USER/main.o
 .group         0x00000000        0xc ./USER/main.o
 .group         0x00000000        0xc ./USER/main.o
 .group         0x00000000        0xc ./USER/main.o
 .group         0x00000000        0xc ./USER/main.o
 .group         0x00000000        0xc ./USER/main.o
 .group         0x00000000        0xc ./USER/main.o
 .group         0x00000000        0xc ./USER/main.o
 .group         0x00000000        0xc ./USER/main.o
 .group         0x00000000        0xc ./USER/main.o
 .text          0x00000000        0x0 ./USER/main.o
 .data          0x00000000        0x0 ./USER/main.o
 .bss           0x00000000        0x0 ./USER/main.o
 .debug_macro   0x00000000      0xa78 ./USER/main.o
 .debug_macro   0x00000000       0x22 ./USER/main.o
 .debug_macro   0x00000000       0x22 ./USER/main.o
 .debug_macro   0x00000000       0x22 ./USER/main.o
 .debug_macro   0x00000000       0x8e ./USER/main.o
 .debug_macro   0x00000000       0x51 ./USER/main.o
 .debug_macro   0x00000000      0x103 ./USER/main.o
 .debug_macro   0x00000000       0x6a ./USER/main.o
 .debug_macro   0x00000000      0x1df ./USER/main.o
 .debug_macro   0x00000000      0x7b7 ./USER/main.o
 .debug_macro   0x00000000      0x314 ./USER/main.o
 .debug_macro   0x00000000       0x6a ./USER/main.o
 .debug_macro   0x00000000       0x3a ./USER/main.o
 .debug_macro   0x00000000       0x7c ./USER/main.o
 .debug_macro   0x00000000       0x22 ./USER/main.o
 .debug_macro   0x00000000       0x64 ./USER/main.o
 .debug_macro   0x00000000       0x58 ./USER/main.o
 .debug_macro   0x00000000       0x34 ./USER/main.o
 .debug_macro   0x00000000       0x1c ./USER/main.o
 .group         0x00000000        0xc ./SYSTEM/system_gw1ns4c.o
 .group         0x00000000        0xc ./SYSTEM/system_gw1ns4c.o
 .group         0x00000000        0xc ./SYSTEM/system_gw1ns4c.o
 .group         0x00000000        0xc ./SYSTEM/system_gw1ns4c.o
 .group         0x00000000        0xc ./SYSTEM/system_gw1ns4c.o
 .group         0x00000000        0xc ./SYSTEM/system_gw1ns4c.o
 .group         0x00000000        0xc ./SYSTEM/system_gw1ns4c.o
 .group         0x00000000        0xc ./SYSTEM/system_gw1ns4c.o
 .group         0x00000000        0xc ./SYSTEM/system_gw1ns4c.o
 .group         0x00000000        0xc ./SYSTEM/system_gw1ns4c.o
 .group         0x00000000        0xc ./SYSTEM/system_gw1ns4c.o
 .group         0x00000000        0xc ./SYSTEM/system_gw1ns4c.o
 .group         0x00000000        0xc ./SYSTEM/system_gw1ns4c.o
 .group         0x00000000        0xc ./SYSTEM/system_gw1ns4c.o
 .group         0x00000000        0xc ./SYSTEM/system_gw1ns4c.o
 .group         0x00000000        0xc ./SYSTEM/system_gw1ns4c.o
 .group         0x00000000        0xc ./SYSTEM/system_gw1ns4c.o
 .group         0x00000000        0xc ./SYSTEM/system_gw1ns4c.o
 .group         0x00000000        0xc ./SYSTEM/system_gw1ns4c.o
 .text          0x00000000        0x0 ./SYSTEM/system_gw1ns4c.o
 .data          0x00000000        0x0 ./SYSTEM/system_gw1ns4c.o
 .bss           0x00000000        0x0 ./SYSTEM/system_gw1ns4c.o
 .text.SystemCoreClockUpdate
                0x00000000       0x2c ./SYSTEM/system_gw1ns4c.o
 .debug_macro   0x00000000      0xa78 ./SYSTEM/system_gw1ns4c.o
 .debug_macro   0x00000000       0x22 ./SYSTEM/system_gw1ns4c.o
 .debug_macro   0x00000000       0x22 ./SYSTEM/system_gw1ns4c.o
 .debug_macro   0x00000000       0x22 ./SYSTEM/system_gw1ns4c.o
 .debug_macro   0x00000000       0x8e ./SYSTEM/system_gw1ns4c.o
 .debug_macro   0x00000000       0x51 ./SYSTEM/system_gw1ns4c.o
 .debug_macro   0x00000000      0x103 ./SYSTEM/system_gw1ns4c.o
 .debug_macro   0x00000000       0x6a ./SYSTEM/system_gw1ns4c.o
 .debug_macro   0x00000000      0x1df ./SYSTEM/system_gw1ns4c.o
 .debug_macro   0x00000000      0x7b7 ./SYSTEM/system_gw1ns4c.o
 .debug_macro   0x00000000      0x314 ./SYSTEM/system_gw1ns4c.o
 .debug_macro   0x00000000       0x6a ./SYSTEM/system_gw1ns4c.o
 .debug_macro   0x00000000       0x3a ./SYSTEM/system_gw1ns4c.o
 .debug_macro   0x00000000       0x7c ./SYSTEM/system_gw1ns4c.o
 .debug_macro   0x00000000       0x22 ./SYSTEM/system_gw1ns4c.o
 .debug_macro   0x00000000       0x64 ./SYSTEM/system_gw1ns4c.o
 .debug_macro   0x00000000       0x58 ./SYSTEM/system_gw1ns4c.o
 .debug_macro   0x00000000       0x34 ./SYSTEM/system_gw1ns4c.o
 .debug_macro   0x00000000       0x1c ./SYSTEM/system_gw1ns4c.o
 .data          0x00000000        0x0 ./STARTUP/startup_gw1ns4c.o
 .bss           0x00000000        0x0 ./STARTUP/startup_gw1ns4c.o
 .group         0x00000000        0xc ./PERIPHERAL/Sources/gw1ns4c_gpio.o
 .group         0x00000000        0xc ./PERIPHERAL/Sources/gw1ns4c_gpio.o
 .group         0x00000000        0xc ./PERIPHERAL/Sources/gw1ns4c_gpio.o
 .group         0x00000000        0xc ./PERIPHERAL/Sources/gw1ns4c_gpio.o
 .group         0x00000000        0xc ./PERIPHERAL/Sources/gw1ns4c_gpio.o
 .group         0x00000000        0xc ./PERIPHERAL/Sources/gw1ns4c_gpio.o
 .group         0x00000000        0xc ./PERIPHERAL/Sources/gw1ns4c_gpio.o
 .group         0x00000000        0xc ./PERIPHERAL/Sources/gw1ns4c_gpio.o
 .group         0x00000000        0xc ./PERIPHERAL/Sources/gw1ns4c_gpio.o
 .group         0x00000000        0xc ./PERIPHERAL/Sources/gw1ns4c_gpio.o
 .group         0x00000000        0xc ./PERIPHERAL/Sources/gw1ns4c_gpio.o
 .group         0x00000000        0xc ./PERIPHERAL/Sources/gw1ns4c_gpio.o
 .group         0x00000000        0xc ./PERIPHERAL/Sources/gw1ns4c_gpio.o
 .group         0x00000000        0xc ./PERIPHERAL/Sources/gw1ns4c_gpio.o
 .group         0x00000000        0xc ./PERIPHERAL/Sources/gw1ns4c_gpio.o
 .group         0x00000000        0xc ./PERIPHERAL/Sources/gw1ns4c_gpio.o
 .group         0x00000000        0xc ./PERIPHERAL/Sources/gw1ns4c_gpio.o
 .group         0x00000000        0xc ./PERIPHERAL/Sources/gw1ns4c_gpio.o
 .group         0x00000000        0xc ./PERIPHERAL/Sources/gw1ns4c_gpio.o
 .text          0x00000000        0x0 ./PERIPHERAL/Sources/gw1ns4c_gpio.o
 .data          0x00000000        0x0 ./PERIPHERAL/Sources/gw1ns4c_gpio.o
 .bss           0x00000000        0x0 ./PERIPHERAL/Sources/gw1ns4c_gpio.o
 .text.GPIO_SetOutEnable
                0x00000000        0x8 ./PERIPHERAL/Sources/gw1ns4c_gpio.o
 .text.GPIO_ClrOutEnable
                0x00000000        0x4 ./PERIPHERAL/Sources/gw1ns4c_gpio.o
 .text.GPIO_ResetBit
                0x00000000        0xc ./PERIPHERAL/Sources/gw1ns4c_gpio.o
 .text.GPIO_GetOutEnable
                0x00000000        0x4 ./PERIPHERAL/Sources/gw1ns4c_gpio.o
 .text.GPIO_SetAltFunc
                0x00000000        0x8 ./PERIPHERAL/Sources/gw1ns4c_gpio.o
 .text.GPIO_ClrAltFunc
                0x00000000        0x4 ./PERIPHERAL/Sources/gw1ns4c_gpio.o
 .text.GPIO_GetAltFunc
                0x00000000        0x4 ./PERIPHERAL/Sources/gw1ns4c_gpio.o
 .text.GPIO_IntClear
                0x00000000        0x8 ./PERIPHERAL/Sources/gw1ns4c_gpio.o
 .text.GPIO_GetIntStatus
                0x00000000        0x4 ./PERIPHERAL/Sources/gw1ns4c_gpio.o
 .text.GPIO_SetIntEnable
                0x00000000        0xc ./PERIPHERAL/Sources/gw1ns4c_gpio.o
 .text.GPIO_ClrIntEnable
                0x00000000        0xc ./PERIPHERAL/Sources/gw1ns4c_gpio.o
 .text.GPIO_SetIntHighLevel
                0x00000000       0x14 ./PERIPHERAL/Sources/gw1ns4c_gpio.o
 .text.GPIO_SetIntRisingEdge
                0x00000000       0x14 ./PERIPHERAL/Sources/gw1ns4c_gpio.o
 .text.GPIO_SetIntLowLevel
                0x00000000       0x14 ./PERIPHERAL/Sources/gw1ns4c_gpio.o
 .text.GPIO_SetIntFallingEdge
                0x00000000       0x14 ./PERIPHERAL/Sources/gw1ns4c_gpio.o
 .text.GPIO_MaskedWrite
                0x00000000       0x18 ./PERIPHERAL/Sources/gw1ns4c_gpio.o
 .debug_macro   0x00000000      0xa78 ./PERIPHERAL/Sources/gw1ns4c_gpio.o
 .debug_macro   0x00000000       0x22 ./PERIPHERAL/Sources/gw1ns4c_gpio.o
 .debug_macro   0x00000000       0x22 ./PERIPHERAL/Sources/gw1ns4c_gpio.o
 .debug_macro   0x00000000       0x22 ./PERIPHERAL/Sources/gw1ns4c_gpio.o
 .debug_macro   0x00000000       0x8e ./PERIPHERAL/Sources/gw1ns4c_gpio.o
 .debug_macro   0x00000000       0x51 ./PERIPHERAL/Sources/gw1ns4c_gpio.o
 .debug_macro   0x00000000      0x103 ./PERIPHERAL/Sources/gw1ns4c_gpio.o
 .debug_macro   0x00000000       0x6a ./PERIPHERAL/Sources/gw1ns4c_gpio.o
 .debug_macro   0x00000000      0x1df ./PERIPHERAL/Sources/gw1ns4c_gpio.o
 .debug_macro   0x00000000      0x7b7 ./PERIPHERAL/Sources/gw1ns4c_gpio.o
 .debug_macro   0x00000000      0x314 ./PERIPHERAL/Sources/gw1ns4c_gpio.o
 .debug_macro   0x00000000       0x7c ./PERIPHERAL/Sources/gw1ns4c_gpio.o
 .debug_macro   0x00000000       0x22 ./PERIPHERAL/Sources/gw1ns4c_gpio.o
 .debug_macro   0x00000000       0x64 ./PERIPHERAL/Sources/gw1ns4c_gpio.o
 .debug_macro   0x00000000       0x58 ./PERIPHERAL/Sources/gw1ns4c_gpio.o
 .debug_macro   0x00000000       0x34 ./PERIPHERAL/Sources/gw1ns4c_gpio.o
 .debug_macro   0x00000000       0x1c ./PERIPHERAL/Sources/gw1ns4c_gpio.o
 .debug_macro   0x00000000       0x6a ./PERIPHERAL/Sources/gw1ns4c_gpio.o
 .group         0x00000000        0xc ./PERIPHERAL/Sources/gw1ns4c_i2c.o
 .group         0x00000000        0xc ./PERIPHERAL/Sources/gw1ns4c_i2c.o
 .group         0x00000000        0xc ./PERIPHERAL/Sources/gw1ns4c_i2c.o
 .group         0x00000000        0xc ./PERIPHERAL/Sources/gw1ns4c_i2c.o
 .group         0x00000000        0xc ./PERIPHERAL/Sources/gw1ns4c_i2c.o
 .group         0x00000000        0xc ./PERIPHERAL/Sources/gw1ns4c_i2c.o
 .group         0x00000000        0xc ./PERIPHERAL/Sources/gw1ns4c_i2c.o
 .group         0x00000000        0xc ./PERIPHERAL/Sources/gw1ns4c_i2c.o
 .group         0x00000000        0xc ./PERIPHERAL/Sources/gw1ns4c_i2c.o
 .group         0x00000000        0xc ./PERIPHERAL/Sources/gw1ns4c_i2c.o
 .group         0x00000000        0xc ./PERIPHERAL/Sources/gw1ns4c_i2c.o
 .group         0x00000000        0xc ./PERIPHERAL/Sources/gw1ns4c_i2c.o
 .group         0x00000000        0xc ./PERIPHERAL/Sources/gw1ns4c_i2c.o
 .group         0x00000000        0xc ./PERIPHERAL/Sources/gw1ns4c_i2c.o
 .group         0x00000000        0xc ./PERIPHERAL/Sources/gw1ns4c_i2c.o
 .group         0x00000000        0xc ./PERIPHERAL/Sources/gw1ns4c_i2c.o
 .group         0x00000000        0xc ./PERIPHERAL/Sources/gw1ns4c_i2c.o
 .group         0x00000000        0xc ./PERIPHERAL/Sources/gw1ns4c_i2c.o
 .group         0x00000000        0xc ./PERIPHERAL/Sources/gw1ns4c_i2c.o
 .text          0x00000000        0x0 ./PERIPHERAL/Sources/gw1ns4c_i2c.o
 .data          0x00000000        0x0 ./PERIPHERAL/Sources/gw1ns4c_i2c.o
 .bss           0x00000000        0x0 ./PERIPHERAL/Sources/gw1ns4c_i2c.o
 .text.I2C_UnEnable
                0x00000000        0x8 ./PERIPHERAL/Sources/gw1ns4c_i2c.o
 .text.I2C_Enable
                0x00000000        0xc ./PERIPHERAL/Sources/gw1ns4c_i2c.o
 .text.I2C_Rate_Set
                0x00000000       0x20 ./PERIPHERAL/Sources/gw1ns4c_i2c.o
 .text.Delay_ms_i2c
                0x00000000       0x2c ./PERIPHERAL/Sources/gw1ns4c_i2c.o
 .text.I2C_Init
                0x00000000       0x3c ./PERIPHERAL/Sources/gw1ns4c_i2c.o
 .text.I2C_SendByte
                0x00000000       0x5c ./PERIPHERAL/Sources/gw1ns4c_i2c.o
 .text.I2C_SendData
                0x00000000       0x7c ./PERIPHERAL/Sources/gw1ns4c_i2c.o
 .text.I2C_ReceiveByte
                0x00000000       0x64 ./PERIPHERAL/Sources/gw1ns4c_i2c.o
 .text.I2C_ReceiveData
                0x00000000       0x78 ./PERIPHERAL/Sources/gw1ns4c_i2c.o
 .text.I2C_SendBytes
                0x00000000       0x88 ./PERIPHERAL/Sources/gw1ns4c_i2c.o
 .text.I2C_ReadBytes
                0x00000000       0x94 ./PERIPHERAL/Sources/gw1ns4c_i2c.o
 .text.I2C_InterruptOpen
                0x00000000        0xc ./PERIPHERAL/Sources/gw1ns4c_i2c.o
 .text.I2C_InterruptClose
                0x00000000        0xc ./PERIPHERAL/Sources/gw1ns4c_i2c.o
 .debug_info    0x00000000      0x8f1 ./PERIPHERAL/Sources/gw1ns4c_i2c.o
 .debug_abbrev  0x00000000      0x314 ./PERIPHERAL/Sources/gw1ns4c_i2c.o
 .debug_loc     0x00000000      0x727 ./PERIPHERAL/Sources/gw1ns4c_i2c.o
 .debug_aranges
                0x00000000       0x80 ./PERIPHERAL/Sources/gw1ns4c_i2c.o
 .debug_ranges  0x00000000      0x1d8 ./PERIPHERAL/Sources/gw1ns4c_i2c.o
 .debug_macro   0x00000000      0x100 ./PERIPHERAL/Sources/gw1ns4c_i2c.o
 .debug_macro   0x00000000      0xa78 ./PERIPHERAL/Sources/gw1ns4c_i2c.o
 .debug_macro   0x00000000       0x22 ./PERIPHERAL/Sources/gw1ns4c_i2c.o
 .debug_macro   0x00000000       0x22 ./PERIPHERAL/Sources/gw1ns4c_i2c.o
 .debug_macro   0x00000000       0x22 ./PERIPHERAL/Sources/gw1ns4c_i2c.o
 .debug_macro   0x00000000       0x8e ./PERIPHERAL/Sources/gw1ns4c_i2c.o
 .debug_macro   0x00000000       0x51 ./PERIPHERAL/Sources/gw1ns4c_i2c.o
 .debug_macro   0x00000000      0x103 ./PERIPHERAL/Sources/gw1ns4c_i2c.o
 .debug_macro   0x00000000       0x6a ./PERIPHERAL/Sources/gw1ns4c_i2c.o
 .debug_macro   0x00000000      0x1df ./PERIPHERAL/Sources/gw1ns4c_i2c.o
 .debug_macro   0x00000000      0x7b7 ./PERIPHERAL/Sources/gw1ns4c_i2c.o
 .debug_macro   0x00000000      0x314 ./PERIPHERAL/Sources/gw1ns4c_i2c.o
 .debug_macro   0x00000000       0x6a ./PERIPHERAL/Sources/gw1ns4c_i2c.o
 .debug_macro   0x00000000       0x3a ./PERIPHERAL/Sources/gw1ns4c_i2c.o
 .debug_macro   0x00000000       0x7c ./PERIPHERAL/Sources/gw1ns4c_i2c.o
 .debug_macro   0x00000000       0x22 ./PERIPHERAL/Sources/gw1ns4c_i2c.o
 .debug_macro   0x00000000       0x64 ./PERIPHERAL/Sources/gw1ns4c_i2c.o
 .debug_macro   0x00000000       0x34 ./PERIPHERAL/Sources/gw1ns4c_i2c.o
 .debug_macro   0x00000000       0x1c ./PERIPHERAL/Sources/gw1ns4c_i2c.o
 .debug_macro   0x00000000       0x52 ./PERIPHERAL/Sources/gw1ns4c_i2c.o
 .debug_line    0x00000000      0xbbc ./PERIPHERAL/Sources/gw1ns4c_i2c.o
 .debug_str     0x00000000     0x8919 ./PERIPHERAL/Sources/gw1ns4c_i2c.o
 .comment       0x00000000       0x77 ./PERIPHERAL/Sources/gw1ns4c_i2c.o
 .debug_frame   0x00000000      0x144 ./PERIPHERAL/Sources/gw1ns4c_i2c.o
 .ARM.attributes
                0x00000000       0x2d ./PERIPHERAL/Sources/gw1ns4c_i2c.o
 .group         0x00000000        0xc ./PERIPHERAL/Sources/gw1ns4c_misc.o
 .group         0x00000000        0xc ./PERIPHERAL/Sources/gw1ns4c_misc.o
 .group         0x00000000        0xc ./PERIPHERAL/Sources/gw1ns4c_misc.o
 .group         0x00000000        0xc ./PERIPHERAL/Sources/gw1ns4c_misc.o
 .group         0x00000000        0xc ./PERIPHERAL/Sources/gw1ns4c_misc.o
 .group         0x00000000        0xc ./PERIPHERAL/Sources/gw1ns4c_misc.o
 .group         0x00000000        0xc ./PERIPHERAL/Sources/gw1ns4c_misc.o
 .group         0x00000000        0xc ./PERIPHERAL/Sources/gw1ns4c_misc.o
 .group         0x00000000        0xc ./PERIPHERAL/Sources/gw1ns4c_misc.o
 .group         0x00000000        0xc ./PERIPHERAL/Sources/gw1ns4c_misc.o
 .group         0x00000000        0xc ./PERIPHERAL/Sources/gw1ns4c_misc.o
 .group         0x00000000        0xc ./PERIPHERAL/Sources/gw1ns4c_misc.o
 .group         0x00000000        0xc ./PERIPHERAL/Sources/gw1ns4c_misc.o
 .group         0x00000000        0xc ./PERIPHERAL/Sources/gw1ns4c_misc.o
 .group         0x00000000        0xc ./PERIPHERAL/Sources/gw1ns4c_misc.o
 .group         0x00000000        0xc ./PERIPHERAL/Sources/gw1ns4c_misc.o
 .group         0x00000000        0xc ./PERIPHERAL/Sources/gw1ns4c_misc.o
 .group         0x00000000        0xc ./PERIPHERAL/Sources/gw1ns4c_misc.o
 .group         0x00000000        0xc ./PERIPHERAL/Sources/gw1ns4c_misc.o
 .text          0x00000000        0x0 ./PERIPHERAL/Sources/gw1ns4c_misc.o
 .data          0x00000000        0x0 ./PERIPHERAL/Sources/gw1ns4c_misc.o
 .bss           0x00000000        0x0 ./PERIPHERAL/Sources/gw1ns4c_misc.o
 .text.NVIC_PriorityGroupConfig
                0x00000000       0x14 ./PERIPHERAL/Sources/gw1ns4c_misc.o
 .text.NVIC_SetVectorTable
                0x00000000       0x14 ./PERIPHERAL/Sources/gw1ns4c_misc.o
 .text.SysTick_CLKSourceConfig
                0x00000000       0x10 ./PERIPHERAL/Sources/gw1ns4c_misc.o
 .debug_macro   0x00000000      0xa78 ./PERIPHERAL/Sources/gw1ns4c_misc.o
 .debug_macro   0x00000000       0x22 ./PERIPHERAL/Sources/gw1ns4c_misc.o
 .debug_macro   0x00000000       0x22 ./PERIPHERAL/Sources/gw1ns4c_misc.o
 .debug_macro   0x00000000       0x22 ./PERIPHERAL/Sources/gw1ns4c_misc.o
 .debug_macro   0x00000000       0x8e ./PERIPHERAL/Sources/gw1ns4c_misc.o
 .debug_macro   0x00000000       0x51 ./PERIPHERAL/Sources/gw1ns4c_misc.o
 .debug_macro   0x00000000      0x103 ./PERIPHERAL/Sources/gw1ns4c_misc.o
 .debug_macro   0x00000000       0x6a ./PERIPHERAL/Sources/gw1ns4c_misc.o
 .debug_macro   0x00000000      0x1df ./PERIPHERAL/Sources/gw1ns4c_misc.o
 .debug_macro   0x00000000      0x7b7 ./PERIPHERAL/Sources/gw1ns4c_misc.o
 .debug_macro   0x00000000      0x314 ./PERIPHERAL/Sources/gw1ns4c_misc.o
 .debug_macro   0x00000000       0x6a ./PERIPHERAL/Sources/gw1ns4c_misc.o
 .debug_macro   0x00000000       0x3a ./PERIPHERAL/Sources/gw1ns4c_misc.o
 .debug_macro   0x00000000       0x7c ./PERIPHERAL/Sources/gw1ns4c_misc.o
 .debug_macro   0x00000000       0x22 ./PERIPHERAL/Sources/gw1ns4c_misc.o
 .debug_macro   0x00000000       0x64 ./PERIPHERAL/Sources/gw1ns4c_misc.o
 .debug_macro   0x00000000       0x58 ./PERIPHERAL/Sources/gw1ns4c_misc.o
 .debug_macro   0x00000000       0x1c ./PERIPHERAL/Sources/gw1ns4c_misc.o
 .group         0x00000000        0xc ./PERIPHERAL/Sources/gw1ns4c_rtc.o
 .group         0x00000000        0xc ./PERIPHERAL/Sources/gw1ns4c_rtc.o
 .group         0x00000000        0xc ./PERIPHERAL/Sources/gw1ns4c_rtc.o
 .group         0x00000000        0xc ./PERIPHERAL/Sources/gw1ns4c_rtc.o
 .group         0x00000000        0xc ./PERIPHERAL/Sources/gw1ns4c_rtc.o
 .group         0x00000000        0xc ./PERIPHERAL/Sources/gw1ns4c_rtc.o
 .group         0x00000000        0xc ./PERIPHERAL/Sources/gw1ns4c_rtc.o
 .group         0x00000000        0xc ./PERIPHERAL/Sources/gw1ns4c_rtc.o
 .group         0x00000000        0xc ./PERIPHERAL/Sources/gw1ns4c_rtc.o
 .group         0x00000000        0xc ./PERIPHERAL/Sources/gw1ns4c_rtc.o
 .group         0x00000000        0xc ./PERIPHERAL/Sources/gw1ns4c_rtc.o
 .group         0x00000000        0xc ./PERIPHERAL/Sources/gw1ns4c_rtc.o
 .group         0x00000000        0xc ./PERIPHERAL/Sources/gw1ns4c_rtc.o
 .group         0x00000000        0xc ./PERIPHERAL/Sources/gw1ns4c_rtc.o
 .group         0x00000000        0xc ./PERIPHERAL/Sources/gw1ns4c_rtc.o
 .group         0x00000000        0xc ./PERIPHERAL/Sources/gw1ns4c_rtc.o
 .group         0x00000000        0xc ./PERIPHERAL/Sources/gw1ns4c_rtc.o
 .group         0x00000000        0xc ./PERIPHERAL/Sources/gw1ns4c_rtc.o
 .text          0x00000000        0x0 ./PERIPHERAL/Sources/gw1ns4c_rtc.o
 .data          0x00000000        0x0 ./PERIPHERAL/Sources/gw1ns4c_rtc.o
 .bss           0x00000000        0x0 ./PERIPHERAL/Sources/gw1ns4c_rtc.o
 .text.Get_Current_Value
                0x00000000        0xc ./PERIPHERAL/Sources/gw1ns4c_rtc.o
 .text.Set_Match_Value
                0x00000000        0xc ./PERIPHERAL/Sources/gw1ns4c_rtc.o
 .text.Get_Match_Value
                0x00000000        0xc ./PERIPHERAL/Sources/gw1ns4c_rtc.o
 .text.Get_Load_Value
                0x00000000        0xc ./PERIPHERAL/Sources/gw1ns4c_rtc.o
 .text.Start_RTC
                0x00000000        0xc ./PERIPHERAL/Sources/gw1ns4c_rtc.o
 .text.Close_RTC
                0x00000000        0xc ./PERIPHERAL/Sources/gw1ns4c_rtc.o
 .text.Get_RTC_Control_value
                0x00000000        0xc ./PERIPHERAL/Sources/gw1ns4c_rtc.o
 .text.RTC_Inter_Mask_Set
                0x00000000        0xc ./PERIPHERAL/Sources/gw1ns4c_rtc.o
 .text.RTC_Inter_Mask_Clr
                0x00000000        0xc ./PERIPHERAL/Sources/gw1ns4c_rtc.o
 .text.Get_RTC_Inter_Mask_value
                0x00000000        0xc ./PERIPHERAL/Sources/gw1ns4c_rtc.o
 .debug_macro   0x00000000      0xa78 ./PERIPHERAL/Sources/gw1ns4c_rtc.o
 .debug_macro   0x00000000       0x22 ./PERIPHERAL/Sources/gw1ns4c_rtc.o
 .debug_macro   0x00000000       0x8e ./PERIPHERAL/Sources/gw1ns4c_rtc.o
 .debug_macro   0x00000000       0x51 ./PERIPHERAL/Sources/gw1ns4c_rtc.o
 .debug_macro   0x00000000      0x103 ./PERIPHERAL/Sources/gw1ns4c_rtc.o
 .debug_macro   0x00000000       0x6a ./PERIPHERAL/Sources/gw1ns4c_rtc.o
 .debug_macro   0x00000000      0x1df ./PERIPHERAL/Sources/gw1ns4c_rtc.o
 .debug_macro   0x00000000       0x22 ./PERIPHERAL/Sources/gw1ns4c_rtc.o
 .debug_macro   0x00000000      0x314 ./PERIPHERAL/Sources/gw1ns4c_rtc.o
 .debug_macro   0x00000000       0x6a ./PERIPHERAL/Sources/gw1ns4c_rtc.o
 .debug_macro   0x00000000       0x3a ./PERIPHERAL/Sources/gw1ns4c_rtc.o
 .debug_macro   0x00000000       0x7c ./PERIPHERAL/Sources/gw1ns4c_rtc.o
 .debug_macro   0x00000000       0x22 ./PERIPHERAL/Sources/gw1ns4c_rtc.o
 .debug_macro   0x00000000       0x64 ./PERIPHERAL/Sources/gw1ns4c_rtc.o
 .debug_macro   0x00000000       0x58 ./PERIPHERAL/Sources/gw1ns4c_rtc.o
 .debug_macro   0x00000000       0x34 ./PERIPHERAL/Sources/gw1ns4c_rtc.o
 .debug_macro   0x00000000       0x1c ./PERIPHERAL/Sources/gw1ns4c_rtc.o
 .group         0x00000000        0xc ./PERIPHERAL/Sources/gw1ns4c_spi.o
 .group         0x00000000        0xc ./PERIPHERAL/Sources/gw1ns4c_spi.o
 .group         0x00000000        0xc ./PERIPHERAL/Sources/gw1ns4c_spi.o
 .group         0x00000000        0xc ./PERIPHERAL/Sources/gw1ns4c_spi.o
 .group         0x00000000        0xc ./PERIPHERAL/Sources/gw1ns4c_spi.o
 .group         0x00000000        0xc ./PERIPHERAL/Sources/gw1ns4c_spi.o
 .group         0x00000000        0xc ./PERIPHERAL/Sources/gw1ns4c_spi.o
 .group         0x00000000        0xc ./PERIPHERAL/Sources/gw1ns4c_spi.o
 .group         0x00000000        0xc ./PERIPHERAL/Sources/gw1ns4c_spi.o
 .group         0x00000000        0xc ./PERIPHERAL/Sources/gw1ns4c_spi.o
 .group         0x00000000        0xc ./PERIPHERAL/Sources/gw1ns4c_spi.o
 .group         0x00000000        0xc ./PERIPHERAL/Sources/gw1ns4c_spi.o
 .group         0x00000000        0xc ./PERIPHERAL/Sources/gw1ns4c_spi.o
 .group         0x00000000        0xc ./PERIPHERAL/Sources/gw1ns4c_spi.o
 .group         0x00000000        0xc ./PERIPHERAL/Sources/gw1ns4c_spi.o
 .group         0x00000000        0xc ./PERIPHERAL/Sources/gw1ns4c_spi.o
 .group         0x00000000        0xc ./PERIPHERAL/Sources/gw1ns4c_spi.o
 .group         0x00000000        0xc ./PERIPHERAL/Sources/gw1ns4c_spi.o
 .group         0x00000000        0xc ./PERIPHERAL/Sources/gw1ns4c_spi.o
 .text          0x00000000        0x0 ./PERIPHERAL/Sources/gw1ns4c_spi.o
 .data          0x00000000        0x0 ./PERIPHERAL/Sources/gw1ns4c_spi.o
 .bss           0x00000000        0x0 ./PERIPHERAL/Sources/gw1ns4c_spi.o
 .text.SPI_Init
                0x00000000       0x3c ./PERIPHERAL/Sources/gw1ns4c_spi.o
 .text.SPI_SetDirection
                0x00000000       0x10 ./PERIPHERAL/Sources/gw1ns4c_spi.o
 .text.SPI_ClrDirection
                0x00000000       0x10 ./PERIPHERAL/Sources/gw1ns4c_spi.o
 .text.SPI_GetDirection
                0x00000000       0x10 ./PERIPHERAL/Sources/gw1ns4c_spi.o
 .text.SPI_SetPhase
                0x00000000       0x10 ./PERIPHERAL/Sources/gw1ns4c_spi.o
 .text.SPI_ClrPhase
                0x00000000       0x10 ./PERIPHERAL/Sources/gw1ns4c_spi.o
 .text.SPI_GetPhase
                0x00000000       0x10 ./PERIPHERAL/Sources/gw1ns4c_spi.o
 .text.SPI_SetPolarity
                0x00000000       0x10 ./PERIPHERAL/Sources/gw1ns4c_spi.o
 .text.SPI_ClrPolarity
                0x00000000       0x10 ./PERIPHERAL/Sources/gw1ns4c_spi.o
 .text.SPI_GetPolarity
                0x00000000       0x10 ./PERIPHERAL/Sources/gw1ns4c_spi.o
 .text.SPI_SetClkSel
                0x00000000       0x1c ./PERIPHERAL/Sources/gw1ns4c_spi.o
 .text.SPI_GetClkSel
                0x00000000       0x10 ./PERIPHERAL/Sources/gw1ns4c_spi.o
 .text.SPI_GetToeStatus
                0x00000000       0x10 ./PERIPHERAL/Sources/gw1ns4c_spi.o
 .text.SPI_GetRoeStatus
                0x00000000       0x10 ./PERIPHERAL/Sources/gw1ns4c_spi.o
 .text.SPI_GetTmtStatus
                0x00000000       0x10 ./PERIPHERAL/Sources/gw1ns4c_spi.o
 .text.SPI_GetTrdyStatus
                0x00000000       0x10 ./PERIPHERAL/Sources/gw1ns4c_spi.o
 .text.SPI_GetRrdyStatus
                0x00000000       0x10 ./PERIPHERAL/Sources/gw1ns4c_spi.o
 .text.SPI_GetErrStatus
                0x00000000       0x10 ./PERIPHERAL/Sources/gw1ns4c_spi.o
 .text.SPI_ClrToeStatus
                0x00000000       0x10 ./PERIPHERAL/Sources/gw1ns4c_spi.o
 .text.SPI_ClrRoeStatus
                0x00000000       0x10 ./PERIPHERAL/Sources/gw1ns4c_spi.o
 .text.SPI_ClrErrStatus
                0x00000000       0x10 ./PERIPHERAL/Sources/gw1ns4c_spi.o
 .text.SPI_WriteData
                0x00000000        0xc ./PERIPHERAL/Sources/gw1ns4c_spi.o
 .text.SPI_ReadData
                0x00000000        0xc ./PERIPHERAL/Sources/gw1ns4c_spi.o
 .text.SPI_Select_Slave
                0x00000000        0xc ./PERIPHERAL/Sources/gw1ns4c_spi.o
 .debug_info    0x00000000      0x433 ./PERIPHERAL/Sources/gw1ns4c_spi.o
 .debug_abbrev  0x00000000      0x1db ./PERIPHERAL/Sources/gw1ns4c_spi.o
 .debug_loc     0x00000000       0x48 ./PERIPHERAL/Sources/gw1ns4c_spi.o
 .debug_aranges
                0x00000000       0xd8 ./PERIPHERAL/Sources/gw1ns4c_spi.o
 .debug_ranges  0x00000000       0xc8 ./PERIPHERAL/Sources/gw1ns4c_spi.o
 .debug_macro   0x00000000      0x100 ./PERIPHERAL/Sources/gw1ns4c_spi.o
 .debug_macro   0x00000000      0xa78 ./PERIPHERAL/Sources/gw1ns4c_spi.o
 .debug_macro   0x00000000       0x22 ./PERIPHERAL/Sources/gw1ns4c_spi.o
 .debug_macro   0x00000000       0x22 ./PERIPHERAL/Sources/gw1ns4c_spi.o
 .debug_macro   0x00000000       0x22 ./PERIPHERAL/Sources/gw1ns4c_spi.o
 .debug_macro   0x00000000       0x8e ./PERIPHERAL/Sources/gw1ns4c_spi.o
 .debug_macro   0x00000000       0x51 ./PERIPHERAL/Sources/gw1ns4c_spi.o
 .debug_macro   0x00000000      0x103 ./PERIPHERAL/Sources/gw1ns4c_spi.o
 .debug_macro   0x00000000       0x6a ./PERIPHERAL/Sources/gw1ns4c_spi.o
 .debug_macro   0x00000000      0x1df ./PERIPHERAL/Sources/gw1ns4c_spi.o
 .debug_macro   0x00000000      0x7b7 ./PERIPHERAL/Sources/gw1ns4c_spi.o
 .debug_macro   0x00000000      0x314 ./PERIPHERAL/Sources/gw1ns4c_spi.o
 .debug_macro   0x00000000       0x6a ./PERIPHERAL/Sources/gw1ns4c_spi.o
 .debug_macro   0x00000000       0x3a ./PERIPHERAL/Sources/gw1ns4c_spi.o
 .debug_macro   0x00000000       0x7c ./PERIPHERAL/Sources/gw1ns4c_spi.o
 .debug_macro   0x00000000       0x22 ./PERIPHERAL/Sources/gw1ns4c_spi.o
 .debug_macro   0x00000000       0x58 ./PERIPHERAL/Sources/gw1ns4c_spi.o
 .debug_macro   0x00000000       0x34 ./PERIPHERAL/Sources/gw1ns4c_spi.o
 .debug_macro   0x00000000       0x1c ./PERIPHERAL/Sources/gw1ns4c_spi.o
 .debug_macro   0x00000000       0x5e ./PERIPHERAL/Sources/gw1ns4c_spi.o
 .debug_line    0x00000000      0x61b ./PERIPHERAL/Sources/gw1ns4c_spi.o
 .debug_str     0x00000000     0x89ce ./PERIPHERAL/Sources/gw1ns4c_spi.o
 .comment       0x00000000       0x77 ./PERIPHERAL/Sources/gw1ns4c_spi.o
 .debug_frame   0x00000000      0x19c ./PERIPHERAL/Sources/gw1ns4c_spi.o
 .ARM.attributes
                0x00000000       0x2d ./PERIPHERAL/Sources/gw1ns4c_spi.o
 .group         0x00000000        0xc ./PERIPHERAL/Sources/gw1ns4c_syscon.o
 .group         0x00000000        0xc ./PERIPHERAL/Sources/gw1ns4c_syscon.o
 .group         0x00000000        0xc ./PERIPHERAL/Sources/gw1ns4c_syscon.o
 .group         0x00000000        0xc ./PERIPHERAL/Sources/gw1ns4c_syscon.o
 .group         0x00000000        0xc ./PERIPHERAL/Sources/gw1ns4c_syscon.o
 .group         0x00000000        0xc ./PERIPHERAL/Sources/gw1ns4c_syscon.o
 .group         0x00000000        0xc ./PERIPHERAL/Sources/gw1ns4c_syscon.o
 .group         0x00000000        0xc ./PERIPHERAL/Sources/gw1ns4c_syscon.o
 .group         0x00000000        0xc ./PERIPHERAL/Sources/gw1ns4c_syscon.o
 .group         0x00000000        0xc ./PERIPHERAL/Sources/gw1ns4c_syscon.o
 .group         0x00000000        0xc ./PERIPHERAL/Sources/gw1ns4c_syscon.o
 .group         0x00000000        0xc ./PERIPHERAL/Sources/gw1ns4c_syscon.o
 .group         0x00000000        0xc ./PERIPHERAL/Sources/gw1ns4c_syscon.o
 .group         0x00000000        0xc ./PERIPHERAL/Sources/gw1ns4c_syscon.o
 .group         0x00000000        0xc ./PERIPHERAL/Sources/gw1ns4c_syscon.o
 .group         0x00000000        0xc ./PERIPHERAL/Sources/gw1ns4c_syscon.o
 .group         0x00000000        0xc ./PERIPHERAL/Sources/gw1ns4c_syscon.o
 .group         0x00000000        0xc ./PERIPHERAL/Sources/gw1ns4c_syscon.o
 .group         0x00000000        0xc ./PERIPHERAL/Sources/gw1ns4c_syscon.o
 .text          0x00000000        0x0 ./PERIPHERAL/Sources/gw1ns4c_syscon.o
 .data          0x00000000        0x0 ./PERIPHERAL/Sources/gw1ns4c_syscon.o
 .bss           0x00000000        0x0 ./PERIPHERAL/Sources/gw1ns4c_syscon.o
 .text.SYSCON_Init
                0x00000000       0x14 ./PERIPHERAL/Sources/gw1ns4c_syscon.o
 .text.SYSCON_GetRemap
                0x00000000        0xc ./PERIPHERAL/Sources/gw1ns4c_syscon.o
 .text.SYSCON_GetPmuctrlEnable
                0x00000000        0xc ./PERIPHERAL/Sources/gw1ns4c_syscon.o
 .text.SYSCON_GetResetopLockuprst
                0x00000000        0xc ./PERIPHERAL/Sources/gw1ns4c_syscon.o
 .text.SYSCON_GetRstinfoSysresetreq
                0x00000000       0x10 ./PERIPHERAL/Sources/gw1ns4c_syscon.o
 .text.SYSCON_GetRstinfoWdogresetreq
                0x00000000       0x10 ./PERIPHERAL/Sources/gw1ns4c_syscon.o
 .text.SYSCON_GetRstinfoLockreset
                0x00000000       0x10 ./PERIPHERAL/Sources/gw1ns4c_syscon.o
 .debug_info    0x00000000      0x1ea ./PERIPHERAL/Sources/gw1ns4c_syscon.o
 .debug_abbrev  0x00000000       0xf3 ./PERIPHERAL/Sources/gw1ns4c_syscon.o
 .debug_aranges
                0x00000000       0x50 ./PERIPHERAL/Sources/gw1ns4c_syscon.o
 .debug_ranges  0x00000000       0x40 ./PERIPHERAL/Sources/gw1ns4c_syscon.o
 .debug_macro   0x00000000      0x100 ./PERIPHERAL/Sources/gw1ns4c_syscon.o
 .debug_macro   0x00000000      0xa78 ./PERIPHERAL/Sources/gw1ns4c_syscon.o
 .debug_macro   0x00000000       0x22 ./PERIPHERAL/Sources/gw1ns4c_syscon.o
 .debug_macro   0x00000000       0x22 ./PERIPHERAL/Sources/gw1ns4c_syscon.o
 .debug_macro   0x00000000       0x22 ./PERIPHERAL/Sources/gw1ns4c_syscon.o
 .debug_macro   0x00000000       0x8e ./PERIPHERAL/Sources/gw1ns4c_syscon.o
 .debug_macro   0x00000000       0x51 ./PERIPHERAL/Sources/gw1ns4c_syscon.o
 .debug_macro   0x00000000      0x103 ./PERIPHERAL/Sources/gw1ns4c_syscon.o
 .debug_macro   0x00000000       0x6a ./PERIPHERAL/Sources/gw1ns4c_syscon.o
 .debug_macro   0x00000000      0x1df ./PERIPHERAL/Sources/gw1ns4c_syscon.o
 .debug_macro   0x00000000      0x7b7 ./PERIPHERAL/Sources/gw1ns4c_syscon.o
 .debug_macro   0x00000000      0x314 ./PERIPHERAL/Sources/gw1ns4c_syscon.o
 .debug_macro   0x00000000       0x6a ./PERIPHERAL/Sources/gw1ns4c_syscon.o
 .debug_macro   0x00000000       0x3a ./PERIPHERAL/Sources/gw1ns4c_syscon.o
 .debug_macro   0x00000000       0x7c ./PERIPHERAL/Sources/gw1ns4c_syscon.o
 .debug_macro   0x00000000       0x22 ./PERIPHERAL/Sources/gw1ns4c_syscon.o
 .debug_macro   0x00000000       0x64 ./PERIPHERAL/Sources/gw1ns4c_syscon.o
 .debug_macro   0x00000000       0x58 ./PERIPHERAL/Sources/gw1ns4c_syscon.o
 .debug_macro   0x00000000       0x34 ./PERIPHERAL/Sources/gw1ns4c_syscon.o
 .debug_macro   0x00000000       0x16 ./PERIPHERAL/Sources/gw1ns4c_syscon.o
 .debug_line    0x00000000      0x3e6 ./PERIPHERAL/Sources/gw1ns4c_syscon.o
 .debug_str     0x00000000     0x8879 ./PERIPHERAL/Sources/gw1ns4c_syscon.o
 .comment       0x00000000       0x77 ./PERIPHERAL/Sources/gw1ns4c_syscon.o
 .debug_frame   0x00000000       0x80 ./PERIPHERAL/Sources/gw1ns4c_syscon.o
 .ARM.attributes
                0x00000000       0x2d ./PERIPHERAL/Sources/gw1ns4c_syscon.o
 .group         0x00000000        0xc ./PERIPHERAL/Sources/gw1ns4c_timer.o
 .group         0x00000000        0xc ./PERIPHERAL/Sources/gw1ns4c_timer.o
 .group         0x00000000        0xc ./PERIPHERAL/Sources/gw1ns4c_timer.o
 .group         0x00000000        0xc ./PERIPHERAL/Sources/gw1ns4c_timer.o
 .group         0x00000000        0xc ./PERIPHERAL/Sources/gw1ns4c_timer.o
 .group         0x00000000        0xc ./PERIPHERAL/Sources/gw1ns4c_timer.o
 .group         0x00000000        0xc ./PERIPHERAL/Sources/gw1ns4c_timer.o
 .group         0x00000000        0xc ./PERIPHERAL/Sources/gw1ns4c_timer.o
 .group         0x00000000        0xc ./PERIPHERAL/Sources/gw1ns4c_timer.o
 .group         0x00000000        0xc ./PERIPHERAL/Sources/gw1ns4c_timer.o
 .group         0x00000000        0xc ./PERIPHERAL/Sources/gw1ns4c_timer.o
 .group         0x00000000        0xc ./PERIPHERAL/Sources/gw1ns4c_timer.o
 .group         0x00000000        0xc ./PERIPHERAL/Sources/gw1ns4c_timer.o
 .group         0x00000000        0xc ./PERIPHERAL/Sources/gw1ns4c_timer.o
 .group         0x00000000        0xc ./PERIPHERAL/Sources/gw1ns4c_timer.o
 .group         0x00000000        0xc ./PERIPHERAL/Sources/gw1ns4c_timer.o
 .group         0x00000000        0xc ./PERIPHERAL/Sources/gw1ns4c_timer.o
 .group         0x00000000        0xc ./PERIPHERAL/Sources/gw1ns4c_timer.o
 .group         0x00000000        0xc ./PERIPHERAL/Sources/gw1ns4c_timer.o
 .text          0x00000000        0x0 ./PERIPHERAL/Sources/gw1ns4c_timer.o
 .data          0x00000000        0x0 ./PERIPHERAL/Sources/gw1ns4c_timer.o
 .bss           0x00000000        0x0 ./PERIPHERAL/Sources/gw1ns4c_timer.o
 .text.TIMER_Init
                0x00000000       0x50 ./PERIPHERAL/Sources/gw1ns4c_timer.o
 .text.TIMER_StartTimer
                0x00000000        0xc ./PERIPHERAL/Sources/gw1ns4c_timer.o
 .text.TIMER_StopTimer
                0x00000000        0xc ./PERIPHERAL/Sources/gw1ns4c_timer.o
 .text.TIMER_GetIRQStatus
                0x00000000        0x8 ./PERIPHERAL/Sources/gw1ns4c_timer.o
 .text.TIMER_ClearIRQ
                0x00000000        0x8 ./PERIPHERAL/Sources/gw1ns4c_timer.o
 .text.TIMER_GetReload
                0x00000000        0x4 ./PERIPHERAL/Sources/gw1ns4c_timer.o
 .text.TIMER_SetReload
                0x00000000        0x4 ./PERIPHERAL/Sources/gw1ns4c_timer.o
 .text.TIMER_GetValue
                0x00000000        0x4 ./PERIPHERAL/Sources/gw1ns4c_timer.o
 .text.TIMER_SetValue
                0x00000000        0x4 ./PERIPHERAL/Sources/gw1ns4c_timer.o
 .text.TIMER_EnableIRQ
                0x00000000        0xc ./PERIPHERAL/Sources/gw1ns4c_timer.o
 .text.TIMER_DisableIRQ
                0x00000000        0xc ./PERIPHERAL/Sources/gw1ns4c_timer.o
 .text.TIMER_SelExtEnable
                0x00000000       0x10 ./PERIPHERAL/Sources/gw1ns4c_timer.o
 .text.TIMER_SelExtClock
                0x00000000       0x10 ./PERIPHERAL/Sources/gw1ns4c_timer.o
 .debug_info    0x00000000      0x432 ./PERIPHERAL/Sources/gw1ns4c_timer.o
 .debug_abbrev  0x00000000      0x144 ./PERIPHERAL/Sources/gw1ns4c_timer.o
 .debug_loc     0x00000000       0x6f ./PERIPHERAL/Sources/gw1ns4c_timer.o
 .debug_aranges
                0x00000000       0x80 ./PERIPHERAL/Sources/gw1ns4c_timer.o
 .debug_ranges  0x00000000       0x70 ./PERIPHERAL/Sources/gw1ns4c_timer.o
 .debug_macro   0x00000000      0x100 ./PERIPHERAL/Sources/gw1ns4c_timer.o
 .debug_macro   0x00000000      0xa78 ./PERIPHERAL/Sources/gw1ns4c_timer.o
 .debug_macro   0x00000000       0x22 ./PERIPHERAL/Sources/gw1ns4c_timer.o
 .debug_macro   0x00000000       0x22 ./PERIPHERAL/Sources/gw1ns4c_timer.o
 .debug_macro   0x00000000       0x22 ./PERIPHERAL/Sources/gw1ns4c_timer.o
 .debug_macro   0x00000000       0x8e ./PERIPHERAL/Sources/gw1ns4c_timer.o
 .debug_macro   0x00000000       0x51 ./PERIPHERAL/Sources/gw1ns4c_timer.o
 .debug_macro   0x00000000      0x103 ./PERIPHERAL/Sources/gw1ns4c_timer.o
 .debug_macro   0x00000000       0x6a ./PERIPHERAL/Sources/gw1ns4c_timer.o
 .debug_macro   0x00000000      0x1df ./PERIPHERAL/Sources/gw1ns4c_timer.o
 .debug_macro   0x00000000      0x7b7 ./PERIPHERAL/Sources/gw1ns4c_timer.o
 .debug_macro   0x00000000      0x314 ./PERIPHERAL/Sources/gw1ns4c_timer.o
 .debug_macro   0x00000000       0x6a ./PERIPHERAL/Sources/gw1ns4c_timer.o
 .debug_macro   0x00000000       0x3a ./PERIPHERAL/Sources/gw1ns4c_timer.o
 .debug_macro   0x00000000       0x7c ./PERIPHERAL/Sources/gw1ns4c_timer.o
 .debug_macro   0x00000000       0x64 ./PERIPHERAL/Sources/gw1ns4c_timer.o
 .debug_macro   0x00000000       0x58 ./PERIPHERAL/Sources/gw1ns4c_timer.o
 .debug_macro   0x00000000       0x34 ./PERIPHERAL/Sources/gw1ns4c_timer.o
 .debug_macro   0x00000000       0x1c ./PERIPHERAL/Sources/gw1ns4c_timer.o
 .debug_macro   0x00000000       0x1c ./PERIPHERAL/Sources/gw1ns4c_timer.o
 .debug_line    0x00000000      0x50c ./PERIPHERAL/Sources/gw1ns4c_timer.o
 .debug_str     0x00000000     0x895e ./PERIPHERAL/Sources/gw1ns4c_timer.o
 .comment       0x00000000       0x77 ./PERIPHERAL/Sources/gw1ns4c_timer.o
 .debug_frame   0x00000000       0xe0 ./PERIPHERAL/Sources/gw1ns4c_timer.o
 .ARM.attributes
                0x00000000       0x2d ./PERIPHERAL/Sources/gw1ns4c_timer.o
 .group         0x00000000        0xc ./PERIPHERAL/Sources/gw1ns4c_uart.o
 .group         0x00000000        0xc ./PERIPHERAL/Sources/gw1ns4c_uart.o
 .group         0x00000000        0xc ./PERIPHERAL/Sources/gw1ns4c_uart.o
 .group         0x00000000        0xc ./PERIPHERAL/Sources/gw1ns4c_uart.o
 .group         0x00000000        0xc ./PERIPHERAL/Sources/gw1ns4c_uart.o
 .group         0x00000000        0xc ./PERIPHERAL/Sources/gw1ns4c_uart.o
 .group         0x00000000        0xc ./PERIPHERAL/Sources/gw1ns4c_uart.o
 .group         0x00000000        0xc ./PERIPHERAL/Sources/gw1ns4c_uart.o
 .group         0x00000000        0xc ./PERIPHERAL/Sources/gw1ns4c_uart.o
 .group         0x00000000        0xc ./PERIPHERAL/Sources/gw1ns4c_uart.o
 .group         0x00000000        0xc ./PERIPHERAL/Sources/gw1ns4c_uart.o
 .group         0x00000000        0xc ./PERIPHERAL/Sources/gw1ns4c_uart.o
 .group         0x00000000        0xc ./PERIPHERAL/Sources/gw1ns4c_uart.o
 .group         0x00000000        0xc ./PERIPHERAL/Sources/gw1ns4c_uart.o
 .group         0x00000000        0xc ./PERIPHERAL/Sources/gw1ns4c_uart.o
 .group         0x00000000        0xc ./PERIPHERAL/Sources/gw1ns4c_uart.o
 .group         0x00000000        0xc ./PERIPHERAL/Sources/gw1ns4c_uart.o
 .group         0x00000000        0xc ./PERIPHERAL/Sources/gw1ns4c_uart.o
 .group         0x00000000        0xc ./PERIPHERAL/Sources/gw1ns4c_uart.o
 .text          0x00000000        0x0 ./PERIPHERAL/Sources/gw1ns4c_uart.o
 .data          0x00000000        0x0 ./PERIPHERAL/Sources/gw1ns4c_uart.o
 .bss           0x00000000        0x0 ./PERIPHERAL/Sources/gw1ns4c_uart.o
 .text.UART_Init
                0x00000000       0x80 ./PERIPHERAL/Sources/gw1ns4c_uart.o
 .text.UART_GetRxBufferFull
                0x00000000        0x8 ./PERIPHERAL/Sources/gw1ns4c_uart.o
 .text.UART_GetTxBufferFull
                0x00000000        0x8 ./PERIPHERAL/Sources/gw1ns4c_uart.o
 .text.UART_GetRxBufferOverrunStatus
                0x00000000        0x8 ./PERIPHERAL/Sources/gw1ns4c_uart.o
 .text.UART_GetTxBufferOverrunStatus
                0x00000000        0x8 ./PERIPHERAL/Sources/gw1ns4c_uart.o
 .text.UART_ClearRxBufferOverrunStatus
                0x00000000        0x8 ./PERIPHERAL/Sources/gw1ns4c_uart.o
 .text.UART_ClearTxBufferOverrunStatus
                0x00000000        0x8 ./PERIPHERAL/Sources/gw1ns4c_uart.o
 .text.UART_SendChar
                0x00000000        0xc ./PERIPHERAL/Sources/gw1ns4c_uart.o
 .text.UART_SendString
                0x00000000       0x18 ./PERIPHERAL/Sources/gw1ns4c_uart.o
 .text.UART_ReceiveChar
                0x00000000        0xc ./PERIPHERAL/Sources/gw1ns4c_uart.o
 .text.UART_GetBaudDivider
                0x00000000        0x4 ./PERIPHERAL/Sources/gw1ns4c_uart.o
 .text.UART_GetTxIRQStatus
                0x00000000        0x8 ./PERIPHERAL/Sources/gw1ns4c_uart.o
 .text.UART_GetRxIRQStatus
                0x00000000        0x8 ./PERIPHERAL/Sources/gw1ns4c_uart.o
 .text.UART_ClearTxIRQ
                0x00000000        0x8 ./PERIPHERAL/Sources/gw1ns4c_uart.o
 .text.UART_ClearRxIRQ
                0x00000000        0x8 ./PERIPHERAL/Sources/gw1ns4c_uart.o
 .text.UART_GetTxOverrunIRQStatus
                0x00000000        0x8 ./PERIPHERAL/Sources/gw1ns4c_uart.o
 .text.UART_GetRxOverrunIRQStatus
                0x00000000        0x8 ./PERIPHERAL/Sources/gw1ns4c_uart.o
 .text.UART_ClearTxOverrunIRQ
                0x00000000        0x8 ./PERIPHERAL/Sources/gw1ns4c_uart.o
 .text.UART_ClearRxOverrunIRQ
                0x00000000        0x8 ./PERIPHERAL/Sources/gw1ns4c_uart.o
 .text.UART_SetHSTM
                0x00000000        0xc ./PERIPHERAL/Sources/gw1ns4c_uart.o
 .text.UART_ClrHSTM
                0x00000000        0xc ./PERIPHERAL/Sources/gw1ns4c_uart.o
 .debug_info    0x00000000      0x6f3 ./PERIPHERAL/Sources/gw1ns4c_uart.o
 .debug_abbrev  0x00000000      0x237 ./PERIPHERAL/Sources/gw1ns4c_uart.o
 .debug_loc     0x00000000      0xa08 ./PERIPHERAL/Sources/gw1ns4c_uart.o
 .debug_aranges
                0x00000000       0xc0 ./PERIPHERAL/Sources/gw1ns4c_uart.o
 .debug_ranges  0x00000000       0xb0 ./PERIPHERAL/Sources/gw1ns4c_uart.o
 .debug_macro   0x00000000      0x100 ./PERIPHERAL/Sources/gw1ns4c_uart.o
 .debug_macro   0x00000000      0xa78 ./PERIPHERAL/Sources/gw1ns4c_uart.o
 .debug_macro   0x00000000       0x22 ./PERIPHERAL/Sources/gw1ns4c_uart.o
 .debug_macro   0x00000000       0x22 ./PERIPHERAL/Sources/gw1ns4c_uart.o
 .debug_macro   0x00000000       0x22 ./PERIPHERAL/Sources/gw1ns4c_uart.o
 .debug_macro   0x00000000       0x8e ./PERIPHERAL/Sources/gw1ns4c_uart.o
 .debug_macro   0x00000000       0x51 ./PERIPHERAL/Sources/gw1ns4c_uart.o
 .debug_macro   0x00000000      0x103 ./PERIPHERAL/Sources/gw1ns4c_uart.o
 .debug_macro   0x00000000       0x6a ./PERIPHERAL/Sources/gw1ns4c_uart.o
 .debug_macro   0x00000000      0x1df ./PERIPHERAL/Sources/gw1ns4c_uart.o
 .debug_macro   0x00000000      0x7b7 ./PERIPHERAL/Sources/gw1ns4c_uart.o
 .debug_macro   0x00000000      0x314 ./PERIPHERAL/Sources/gw1ns4c_uart.o
 .debug_macro   0x00000000       0x6a ./PERIPHERAL/Sources/gw1ns4c_uart.o
 .debug_macro   0x00000000       0x3a ./PERIPHERAL/Sources/gw1ns4c_uart.o
 .debug_macro   0x00000000       0x22 ./PERIPHERAL/Sources/gw1ns4c_uart.o
 .debug_macro   0x00000000       0x64 ./PERIPHERAL/Sources/gw1ns4c_uart.o
 .debug_macro   0x00000000       0x58 ./PERIPHERAL/Sources/gw1ns4c_uart.o
 .debug_macro   0x00000000       0x34 ./PERIPHERAL/Sources/gw1ns4c_uart.o
 .debug_macro   0x00000000       0x1c ./PERIPHERAL/Sources/gw1ns4c_uart.o
 .debug_macro   0x00000000       0x76 ./PERIPHERAL/Sources/gw1ns4c_uart.o
 .debug_line    0x00000000      0x687 ./PERIPHERAL/Sources/gw1ns4c_uart.o
 .debug_str     0x00000000     0x8ab5 ./PERIPHERAL/Sources/gw1ns4c_uart.o
 .comment       0x00000000       0x77 ./PERIPHERAL/Sources/gw1ns4c_uart.o
 .debug_frame   0x00000000      0x16c ./PERIPHERAL/Sources/gw1ns4c_uart.o
 .ARM.attributes
                0x00000000       0x2d ./PERIPHERAL/Sources/gw1ns4c_uart.o
 .group         0x00000000        0xc ./PERIPHERAL/Sources/gw1ns4c_wdog.o
 .group         0x00000000        0xc ./PERIPHERAL/Sources/gw1ns4c_wdog.o
 .group         0x00000000        0xc ./PERIPHERAL/Sources/gw1ns4c_wdog.o
 .group         0x00000000        0xc ./PERIPHERAL/Sources/gw1ns4c_wdog.o
 .group         0x00000000        0xc ./PERIPHERAL/Sources/gw1ns4c_wdog.o
 .group         0x00000000        0xc ./PERIPHERAL/Sources/gw1ns4c_wdog.o
 .group         0x00000000        0xc ./PERIPHERAL/Sources/gw1ns4c_wdog.o
 .group         0x00000000        0xc ./PERIPHERAL/Sources/gw1ns4c_wdog.o
 .group         0x00000000        0xc ./PERIPHERAL/Sources/gw1ns4c_wdog.o
 .group         0x00000000        0xc ./PERIPHERAL/Sources/gw1ns4c_wdog.o
 .group         0x00000000        0xc ./PERIPHERAL/Sources/gw1ns4c_wdog.o
 .group         0x00000000        0xc ./PERIPHERAL/Sources/gw1ns4c_wdog.o
 .group         0x00000000        0xc ./PERIPHERAL/Sources/gw1ns4c_wdog.o
 .group         0x00000000        0xc ./PERIPHERAL/Sources/gw1ns4c_wdog.o
 .group         0x00000000        0xc ./PERIPHERAL/Sources/gw1ns4c_wdog.o
 .group         0x00000000        0xc ./PERIPHERAL/Sources/gw1ns4c_wdog.o
 .group         0x00000000        0xc ./PERIPHERAL/Sources/gw1ns4c_wdog.o
 .group         0x00000000        0xc ./PERIPHERAL/Sources/gw1ns4c_wdog.o
 .group         0x00000000        0xc ./PERIPHERAL/Sources/gw1ns4c_wdog.o
 .text          0x00000000        0x0 ./PERIPHERAL/Sources/gw1ns4c_wdog.o
 .data          0x00000000        0x0 ./PERIPHERAL/Sources/gw1ns4c_wdog.o
 .bss           0x00000000        0x0 ./PERIPHERAL/Sources/gw1ns4c_wdog.o
 .text.WDOG_Init
                0x00000000       0x98 ./PERIPHERAL/Sources/gw1ns4c_wdog.o
 .text.WDOG_RestartCounter
                0x00000000        0xc ./PERIPHERAL/Sources/gw1ns4c_wdog.o
 .text.WDOG_GetCounterValue
                0x00000000        0xc ./PERIPHERAL/Sources/gw1ns4c_wdog.o
 .text.WDOG_SetResetEnable
                0x00000000       0x10 ./PERIPHERAL/Sources/gw1ns4c_wdog.o
 .text.WDOG_GetResStatus
                0x00000000       0x14 ./PERIPHERAL/Sources/gw1ns4c_wdog.o
 .text.WDOG_SetIntEnable
                0x00000000       0x10 ./PERIPHERAL/Sources/gw1ns4c_wdog.o
 .text.WDOG_GetIntStatus
                0x00000000       0x14 ./PERIPHERAL/Sources/gw1ns4c_wdog.o
 .text.WDOG_ClrIntEnable
                0x00000000        0xc ./PERIPHERAL/Sources/gw1ns4c_wdog.o
 .text.WDOG_GetRawIntStatus
                0x00000000       0x14 ./PERIPHERAL/Sources/gw1ns4c_wdog.o
 .text.WDOG_GetMaskIntStatus
                0x00000000       0x14 ./PERIPHERAL/Sources/gw1ns4c_wdog.o
 .text.WDOG_LockWriteAccess
                0x00000000       0x10 ./PERIPHERAL/Sources/gw1ns4c_wdog.o
 .text.WDOG_UnlockWriteAccess
                0x00000000       0x14 ./PERIPHERAL/Sources/gw1ns4c_wdog.o
 .text.WDOG_SetITModeEnable
                0x00000000       0x14 ./PERIPHERAL/Sources/gw1ns4c_wdog.o
 .text.WDOG_ClrITModeEnable
                0x00000000       0x14 ./PERIPHERAL/Sources/gw1ns4c_wdog.o
 .text.WDOG_GetITModeStatus
                0x00000000       0x18 ./PERIPHERAL/Sources/gw1ns4c_wdog.o
 .text.WDOG_SetITOP
                0x00000000        0xc ./PERIPHERAL/Sources/gw1ns4c_wdog.o
 .text.WDOG_ClrITOP
                0x00000000       0x14 ./PERIPHERAL/Sources/gw1ns4c_wdog.o
 .text.WDOG_GetITOPResStatus
                0x00000000       0x18 ./PERIPHERAL/Sources/gw1ns4c_wdog.o
 .text.WDOG_GetITOPIntStatus
                0x00000000       0x18 ./PERIPHERAL/Sources/gw1ns4c_wdog.o
 .debug_info    0x00000000      0x47b ./PERIPHERAL/Sources/gw1ns4c_wdog.o
 .debug_abbrev  0x00000000      0x216 ./PERIPHERAL/Sources/gw1ns4c_wdog.o
 .debug_loc     0x00000000       0x47 ./PERIPHERAL/Sources/gw1ns4c_wdog.o
 .debug_aranges
                0x00000000       0xb0 ./PERIPHERAL/Sources/gw1ns4c_wdog.o
 .debug_ranges  0x00000000       0xa0 ./PERIPHERAL/Sources/gw1ns4c_wdog.o
 .debug_macro   0x00000000      0x100 ./PERIPHERAL/Sources/gw1ns4c_wdog.o
 .debug_macro   0x00000000      0xa78 ./PERIPHERAL/Sources/gw1ns4c_wdog.o
 .debug_macro   0x00000000       0x22 ./PERIPHERAL/Sources/gw1ns4c_wdog.o
 .debug_macro   0x00000000       0x22 ./PERIPHERAL/Sources/gw1ns4c_wdog.o
 .debug_macro   0x00000000       0x22 ./PERIPHERAL/Sources/gw1ns4c_wdog.o
 .debug_macro   0x00000000       0x8e ./PERIPHERAL/Sources/gw1ns4c_wdog.o
 .debug_macro   0x00000000       0x51 ./PERIPHERAL/Sources/gw1ns4c_wdog.o
 .debug_macro   0x00000000      0x103 ./PERIPHERAL/Sources/gw1ns4c_wdog.o
 .debug_macro   0x00000000       0x6a ./PERIPHERAL/Sources/gw1ns4c_wdog.o
 .debug_macro   0x00000000      0x1df ./PERIPHERAL/Sources/gw1ns4c_wdog.o
 .debug_macro   0x00000000      0x7b7 ./PERIPHERAL/Sources/gw1ns4c_wdog.o
 .debug_macro   0x00000000      0x314 ./PERIPHERAL/Sources/gw1ns4c_wdog.o
 .debug_macro   0x00000000       0x6a ./PERIPHERAL/Sources/gw1ns4c_wdog.o
 .debug_macro   0x00000000       0x7c ./PERIPHERAL/Sources/gw1ns4c_wdog.o
 .debug_macro   0x00000000       0x22 ./PERIPHERAL/Sources/gw1ns4c_wdog.o
 .debug_macro   0x00000000       0x64 ./PERIPHERAL/Sources/gw1ns4c_wdog.o
 .debug_macro   0x00000000       0x58 ./PERIPHERAL/Sources/gw1ns4c_wdog.o
 .debug_macro   0x00000000       0x34 ./PERIPHERAL/Sources/gw1ns4c_wdog.o
 .debug_macro   0x00000000       0x1c ./PERIPHERAL/Sources/gw1ns4c_wdog.o
 .debug_macro   0x00000000       0x34 ./PERIPHERAL/Sources/gw1ns4c_wdog.o
 .debug_line    0x00000000      0x5ef ./PERIPHERAL/Sources/gw1ns4c_wdog.o
 .debug_str     0x00000000     0x8a29 ./PERIPHERAL/Sources/gw1ns4c_wdog.o
 .comment       0x00000000       0x77 ./PERIPHERAL/Sources/gw1ns4c_wdog.o
 .debug_frame   0x00000000      0x140 ./PERIPHERAL/Sources/gw1ns4c_wdog.o
 .ARM.attributes
                0x00000000       0x2d ./PERIPHERAL/Sources/gw1ns4c_wdog.o
 .group         0x00000000        0xc ./CORE/core_cm3.o
 .group         0x00000000        0xc ./CORE/core_cm3.o
 .group         0x00000000        0xc ./CORE/core_cm3.o
 .group         0x00000000        0xc ./CORE/core_cm3.o
 .group         0x00000000        0xc ./CORE/core_cm3.o
 .group         0x00000000        0xc ./CORE/core_cm3.o
 .group         0x00000000        0xc ./CORE/core_cm3.o
 .text          0x00000000        0x0 ./CORE/core_cm3.o
 .data          0x00000000        0x0 ./CORE/core_cm3.o
 .bss           0x00000000        0x0 ./CORE/core_cm3.o
 .text.__get_PSP
                0x00000000        0x8 ./CORE/core_cm3.o
 .text.__set_PSP
                0x00000000        0x8 ./CORE/core_cm3.o
 .text.__get_MSP
                0x00000000        0x8 ./CORE/core_cm3.o
 .text.__set_MSP
                0x00000000        0x8 ./CORE/core_cm3.o
 .text.__get_BASEPRI
                0x00000000        0x8 ./CORE/core_cm3.o
 .text.__set_BASEPRI
                0x00000000        0x8 ./CORE/core_cm3.o
 .text.__get_PRIMASK
                0x00000000        0x8 ./CORE/core_cm3.o
 .text.__set_PRIMASK
                0x00000000        0x8 ./CORE/core_cm3.o
 .text.__get_FAULTMASK
                0x00000000        0x8 ./CORE/core_cm3.o
 .text.__set_FAULTMASK
                0x00000000        0x8 ./CORE/core_cm3.o
 .text.__get_CONTROL
                0x00000000        0x8 ./CORE/core_cm3.o
 .text.__set_CONTROL
                0x00000000        0x8 ./CORE/core_cm3.o
 .text.__REV    0x00000000        0x4 ./CORE/core_cm3.o
 .text.__REV16  0x00000000        0x4 ./CORE/core_cm3.o
 .text.__REVSH  0x00000000        0x4 ./CORE/core_cm3.o
 .text.__RBIT   0x00000000        0x8 ./CORE/core_cm3.o
 .text.__LDREXB
                0x00000000        0x8 ./CORE/core_cm3.o
 .text.__LDREXH
                0x00000000        0x8 ./CORE/core_cm3.o
 .text.__LDREXW
                0x00000000        0x8 ./CORE/core_cm3.o
 .text.__STREXB
                0x00000000        0x8 ./CORE/core_cm3.o
 .text.__STREXH
                0x00000000        0x8 ./CORE/core_cm3.o
 .text.__STREXW
                0x00000000        0x8 ./CORE/core_cm3.o
 .debug_info    0x00000000      0x5ef ./CORE/core_cm3.o
 .debug_abbrev  0x00000000       0xd4 ./CORE/core_cm3.o
 .debug_loc     0x00000000      0x3a2 ./CORE/core_cm3.o
 .debug_aranges
                0x00000000       0xc8 ./CORE/core_cm3.o
 .debug_ranges  0x00000000       0xb8 ./CORE/core_cm3.o
 .debug_macro   0x00000000       0x6f ./CORE/core_cm3.o
 .debug_macro   0x00000000      0xa78 ./CORE/core_cm3.o
 .debug_macro   0x00000000       0x22 ./CORE/core_cm3.o
 .debug_macro   0x00000000       0x8e ./CORE/core_cm3.o
 .debug_macro   0x00000000       0x51 ./CORE/core_cm3.o
 .debug_macro   0x00000000      0x103 ./CORE/core_cm3.o
 .debug_macro   0x00000000       0x6a ./CORE/core_cm3.o
 .debug_macro   0x00000000      0x1df ./CORE/core_cm3.o
 .debug_line    0x00000000      0x3e0 ./CORE/core_cm3.o
 .debug_str     0x00000000     0x3dff ./CORE/core_cm3.o
 .comment       0x00000000       0x77 ./CORE/core_cm3.o
 .debug_frame   0x00000000      0x170 ./CORE/core_cm3.o
 .ARM.attributes
                0x00000000       0x2d ./CORE/core_cm3.o
 .text          0x00000000        0x0 c:/gmd/toolchain/arm_toolchain/bin/../lib/gcc/arm-none-eabi/8.3.1/../../../../arm-none-eabi/lib/thumb/v7-m/nofp\libg.a(lib_a-exit.o)
 .data          0x00000000        0x0 c:/gmd/toolchain/arm_toolchain/bin/../lib/gcc/arm-none-eabi/8.3.1/../../../../arm-none-eabi/lib/thumb/v7-m/nofp\libg.a(lib_a-exit.o)
 .bss           0x00000000        0x0 c:/gmd/toolchain/arm_toolchain/bin/../lib/gcc/arm-none-eabi/8.3.1/../../../../arm-none-eabi/lib/thumb/v7-m/nofp\libg.a(lib_a-exit.o)
 .text          0x00000000        0x0 c:/gmd/toolchain/arm_toolchain/bin/../lib/gcc/arm-none-eabi/8.3.1/../../../../arm-none-eabi/lib/thumb/v7-m/nofp\libg.a(lib_a-impure.o)
 .data          0x00000000        0x0 c:/gmd/toolchain/arm_toolchain/bin/../lib/gcc/arm-none-eabi/8.3.1/../../../../arm-none-eabi/lib/thumb/v7-m/nofp\libg.a(lib_a-impure.o)
 .bss           0x00000000        0x0 c:/gmd/toolchain/arm_toolchain/bin/../lib/gcc/arm-none-eabi/8.3.1/../../../../arm-none-eabi/lib/thumb/v7-m/nofp\libg.a(lib_a-impure.o)
 .data._impure_ptr
                0x00000000        0x4 c:/gmd/toolchain/arm_toolchain/bin/../lib/gcc/arm-none-eabi/8.3.1/../../../../arm-none-eabi/lib/thumb/v7-m/nofp\libg.a(lib_a-impure.o)
 .text          0x00000000        0x0 c:/gmd/toolchain/arm_toolchain/bin/../lib/gcc/arm-none-eabi/8.3.1/../../../../arm-none-eabi/lib/thumb/v7-m/nofp\libg.a(lib_a-init.o)
 .data          0x00000000        0x0 c:/gmd/toolchain/arm_toolchain/bin/../lib/gcc/arm-none-eabi/8.3.1/../../../../arm-none-eabi/lib/thumb/v7-m/nofp\libg.a(lib_a-init.o)
 .bss           0x00000000        0x0 c:/gmd/toolchain/arm_toolchain/bin/../lib/gcc/arm-none-eabi/8.3.1/../../../../arm-none-eabi/lib/thumb/v7-m/nofp\libg.a(lib_a-init.o)
 .text.__libc_init_array
                0x00000000       0x48 c:/gmd/toolchain/arm_toolchain/bin/../lib/gcc/arm-none-eabi/8.3.1/../../../../arm-none-eabi/lib/thumb/v7-m/nofp\libg.a(lib_a-init.o)
 .debug_frame   0x00000000       0x2c c:/gmd/toolchain/arm_toolchain/bin/../lib/gcc/arm-none-eabi/8.3.1/../../../../arm-none-eabi/lib/thumb/v7-m/nofp\libg.a(lib_a-init.o)
 .ARM.attributes
                0x00000000       0x2d c:/gmd/toolchain/arm_toolchain/bin/../lib/gcc/arm-none-eabi/8.3.1/../../../../arm-none-eabi/lib/thumb/v7-m/nofp\libg.a(lib_a-init.o)
 .text          0x00000000        0x0 c:/gmd/toolchain/arm_toolchain/bin/../lib/gcc/arm-none-eabi/8.3.1/../../../../arm-none-eabi/lib/thumb/v7-m/nofp\libg.a(lib_a-memset.o)
 .data          0x00000000        0x0 c:/gmd/toolchain/arm_toolchain/bin/../lib/gcc/arm-none-eabi/8.3.1/../../../../arm-none-eabi/lib/thumb/v7-m/nofp\libg.a(lib_a-memset.o)
 .bss           0x00000000        0x0 c:/gmd/toolchain/arm_toolchain/bin/../lib/gcc/arm-none-eabi/8.3.1/../../../../arm-none-eabi/lib/thumb/v7-m/nofp\libg.a(lib_a-memset.o)
 .text.memset   0x00000000       0xa0 c:/gmd/toolchain/arm_toolchain/bin/../lib/gcc/arm-none-eabi/8.3.1/../../../../arm-none-eabi/lib/thumb/v7-m/nofp\libg.a(lib_a-memset.o)
 .debug_frame   0x00000000       0x38 c:/gmd/toolchain/arm_toolchain/bin/../lib/gcc/arm-none-eabi/8.3.1/../../../../arm-none-eabi/lib/thumb/v7-m/nofp\libg.a(lib_a-memset.o)
 .ARM.attributes
                0x00000000       0x2d c:/gmd/toolchain/arm_toolchain/bin/../lib/gcc/arm-none-eabi/8.3.1/../../../../arm-none-eabi/lib/thumb/v7-m/nofp\libg.a(lib_a-memset.o)
 .text          0x00000000        0x0 c:/gmd/toolchain/arm_toolchain/bin/../lib/gcc/arm-none-eabi/8.3.1/../../../../arm-none-eabi/lib/thumb/v7-m/nofp\libg.a(lib_a-__call_atexit.o)
 .data          0x00000000        0x0 c:/gmd/toolchain/arm_toolchain/bin/../lib/gcc/arm-none-eabi/8.3.1/../../../../arm-none-eabi/lib/thumb/v7-m/nofp\libg.a(lib_a-__call_atexit.o)
 .bss           0x00000000        0x0 c:/gmd/toolchain/arm_toolchain/bin/../lib/gcc/arm-none-eabi/8.3.1/../../../../arm-none-eabi/lib/thumb/v7-m/nofp\libg.a(lib_a-__call_atexit.o)
 .text.startup.register_fini
                0x00000000       0x14 c:/gmd/toolchain/arm_toolchain/bin/../lib/gcc/arm-none-eabi/8.3.1/../../../../arm-none-eabi/lib/thumb/v7-m/nofp\libg.a(lib_a-__call_atexit.o)
 .init_array.00000
                0x00000000        0x4 c:/gmd/toolchain/arm_toolchain/bin/../lib/gcc/arm-none-eabi/8.3.1/../../../../arm-none-eabi/lib/thumb/v7-m/nofp\libg.a(lib_a-__call_atexit.o)
 .text          0x00000000        0x0 c:/gmd/toolchain/arm_toolchain/bin/../lib/gcc/arm-none-eabi/8.3.1/../../../../arm-none-eabi/lib/thumb/v7-m/nofp\libg.a(lib_a-atexit.o)
 .data          0x00000000        0x0 c:/gmd/toolchain/arm_toolchain/bin/../lib/gcc/arm-none-eabi/8.3.1/../../../../arm-none-eabi/lib/thumb/v7-m/nofp\libg.a(lib_a-atexit.o)
 .bss           0x00000000        0x0 c:/gmd/toolchain/arm_toolchain/bin/../lib/gcc/arm-none-eabi/8.3.1/../../../../arm-none-eabi/lib/thumb/v7-m/nofp\libg.a(lib_a-atexit.o)
 .text.atexit   0x00000000        0xc c:/gmd/toolchain/arm_toolchain/bin/../lib/gcc/arm-none-eabi/8.3.1/../../../../arm-none-eabi/lib/thumb/v7-m/nofp\libg.a(lib_a-atexit.o)
 .debug_frame   0x00000000       0x20 c:/gmd/toolchain/arm_toolchain/bin/../lib/gcc/arm-none-eabi/8.3.1/../../../../arm-none-eabi/lib/thumb/v7-m/nofp\libg.a(lib_a-atexit.o)
 .ARM.attributes
                0x00000000       0x2d c:/gmd/toolchain/arm_toolchain/bin/../lib/gcc/arm-none-eabi/8.3.1/../../../../arm-none-eabi/lib/thumb/v7-m/nofp\libg.a(lib_a-atexit.o)
 .text          0x00000000        0x0 c:/gmd/toolchain/arm_toolchain/bin/../lib/gcc/arm-none-eabi/8.3.1/../../../../arm-none-eabi/lib/thumb/v7-m/nofp\libg.a(lib_a-fini.o)
 .data          0x00000000        0x0 c:/gmd/toolchain/arm_toolchain/bin/../lib/gcc/arm-none-eabi/8.3.1/../../../../arm-none-eabi/lib/thumb/v7-m/nofp\libg.a(lib_a-fini.o)
 .bss           0x00000000        0x0 c:/gmd/toolchain/arm_toolchain/bin/../lib/gcc/arm-none-eabi/8.3.1/../../../../arm-none-eabi/lib/thumb/v7-m/nofp\libg.a(lib_a-fini.o)
 .text.__libc_fini_array
                0x00000000       0x34 c:/gmd/toolchain/arm_toolchain/bin/../lib/gcc/arm-none-eabi/8.3.1/../../../../arm-none-eabi/lib/thumb/v7-m/nofp\libg.a(lib_a-fini.o)
 .debug_frame   0x00000000       0x34 c:/gmd/toolchain/arm_toolchain/bin/../lib/gcc/arm-none-eabi/8.3.1/../../../../arm-none-eabi/lib/thumb/v7-m/nofp\libg.a(lib_a-fini.o)
 .ARM.attributes
                0x00000000       0x2d c:/gmd/toolchain/arm_toolchain/bin/../lib/gcc/arm-none-eabi/8.3.1/../../../../arm-none-eabi/lib/thumb/v7-m/nofp\libg.a(lib_a-fini.o)
 .text          0x00000000        0x0 c:/gmd/toolchain/arm_toolchain/bin/../lib/gcc/arm-none-eabi/8.3.1/../../../../arm-none-eabi/lib/thumb/v7-m/nofp\libg.a(lib_a-lock.o)
 .data          0x00000000        0x0 c:/gmd/toolchain/arm_toolchain/bin/../lib/gcc/arm-none-eabi/8.3.1/../../../../arm-none-eabi/lib/thumb/v7-m/nofp\libg.a(lib_a-lock.o)
 .bss           0x00000000        0x0 c:/gmd/toolchain/arm_toolchain/bin/../lib/gcc/arm-none-eabi/8.3.1/../../../../arm-none-eabi/lib/thumb/v7-m/nofp\libg.a(lib_a-lock.o)
 .text.__retarget_lock_init
                0x00000000        0x4 c:/gmd/toolchain/arm_toolchain/bin/../lib/gcc/arm-none-eabi/8.3.1/../../../../arm-none-eabi/lib/thumb/v7-m/nofp\libg.a(lib_a-lock.o)
 .text.__retarget_lock_init_recursive
                0x00000000        0x4 c:/gmd/toolchain/arm_toolchain/bin/../lib/gcc/arm-none-eabi/8.3.1/../../../../arm-none-eabi/lib/thumb/v7-m/nofp\libg.a(lib_a-lock.o)
 .text.__retarget_lock_close
                0x00000000        0x4 c:/gmd/toolchain/arm_toolchain/bin/../lib/gcc/arm-none-eabi/8.3.1/../../../../arm-none-eabi/lib/thumb/v7-m/nofp\libg.a(lib_a-lock.o)
 .text.__retarget_lock_close_recursive
                0x00000000        0x4 c:/gmd/toolchain/arm_toolchain/bin/../lib/gcc/arm-none-eabi/8.3.1/../../../../arm-none-eabi/lib/thumb/v7-m/nofp\libg.a(lib_a-lock.o)
 .text.__retarget_lock_acquire
                0x00000000        0x4 c:/gmd/toolchain/arm_toolchain/bin/../lib/gcc/arm-none-eabi/8.3.1/../../../../arm-none-eabi/lib/thumb/v7-m/nofp\libg.a(lib_a-lock.o)
 .text.__retarget_lock_try_acquire
                0x00000000        0x4 c:/gmd/toolchain/arm_toolchain/bin/../lib/gcc/arm-none-eabi/8.3.1/../../../../arm-none-eabi/lib/thumb/v7-m/nofp\libg.a(lib_a-lock.o)
 .text.__retarget_lock_try_acquire_recursive
                0x00000000        0x4 c:/gmd/toolchain/arm_toolchain/bin/../lib/gcc/arm-none-eabi/8.3.1/../../../../arm-none-eabi/lib/thumb/v7-m/nofp\libg.a(lib_a-lock.o)
 .text.__retarget_lock_release
                0x00000000        0x4 c:/gmd/toolchain/arm_toolchain/bin/../lib/gcc/arm-none-eabi/8.3.1/../../../../arm-none-eabi/lib/thumb/v7-m/nofp\libg.a(lib_a-lock.o)
 .text          0x00000000        0x0 c:/gmd/toolchain/arm_toolchain/bin/../lib/gcc/arm-none-eabi/8.3.1/../../../../arm-none-eabi/lib/thumb/v7-m/nofp\libg.a(lib_a-__atexit.o)
 .data          0x00000000        0x0 c:/gmd/toolchain/arm_toolchain/bin/../lib/gcc/arm-none-eabi/8.3.1/../../../../arm-none-eabi/lib/thumb/v7-m/nofp\libg.a(lib_a-__atexit.o)
 .bss           0x00000000        0x0 c:/gmd/toolchain/arm_toolchain/bin/../lib/gcc/arm-none-eabi/8.3.1/../../../../arm-none-eabi/lib/thumb/v7-m/nofp\libg.a(lib_a-__atexit.o)
 .text.__register_exitproc
                0x00000000       0x84 c:/gmd/toolchain/arm_toolchain/bin/../lib/gcc/arm-none-eabi/8.3.1/../../../../arm-none-eabi/lib/thumb/v7-m/nofp\libg.a(lib_a-__atexit.o)
 .debug_frame   0x00000000       0x30 c:/gmd/toolchain/arm_toolchain/bin/../lib/gcc/arm-none-eabi/8.3.1/../../../../arm-none-eabi/lib/thumb/v7-m/nofp\libg.a(lib_a-__atexit.o)
 .ARM.attributes
                0x00000000       0x2d c:/gmd/toolchain/arm_toolchain/bin/../lib/gcc/arm-none-eabi/8.3.1/../../../../arm-none-eabi/lib/thumb/v7-m/nofp\libg.a(lib_a-__atexit.o)
 .text          0x00000000        0x0 c:/gmd/toolchain/arm_toolchain/bin/../lib/gcc/arm-none-eabi/8.3.1/thumb/v7-m/nofp/crtend.o
 .data          0x00000000        0x0 c:/gmd/toolchain/arm_toolchain/bin/../lib/gcc/arm-none-eabi/8.3.1/thumb/v7-m/nofp/crtend.o
 .bss           0x00000000        0x0 c:/gmd/toolchain/arm_toolchain/bin/../lib/gcc/arm-none-eabi/8.3.1/thumb/v7-m/nofp/crtend.o
 .eh_frame      0x00000000        0x4 c:/gmd/toolchain/arm_toolchain/bin/../lib/gcc/arm-none-eabi/8.3.1/thumb/v7-m/nofp/crtend.o
 .ARM.attributes
                0x00000000       0x2d c:/gmd/toolchain/arm_toolchain/bin/../lib/gcc/arm-none-eabi/8.3.1/thumb/v7-m/nofp/crtend.o
 .text          0x00000000        0x0 c:/gmd/toolchain/arm_toolchain/bin/../lib/gcc/arm-none-eabi/8.3.1/thumb/v7-m/nofp/crtn.o
 .data          0x00000000        0x0 c:/gmd/toolchain/arm_toolchain/bin/../lib/gcc/arm-none-eabi/8.3.1/thumb/v7-m/nofp/crtn.o
 .bss           0x00000000        0x0 c:/gmd/toolchain/arm_toolchain/bin/../lib/gcc/arm-none-eabi/8.3.1/thumb/v7-m/nofp/crtn.o
 .init          0x00000000        0x8 c:/gmd/toolchain/arm_toolchain/bin/../lib/gcc/arm-none-eabi/8.3.1/thumb/v7-m/nofp/crtn.o
 .fini          0x00000000        0x8 c:/gmd/toolchain/arm_toolchain/bin/../lib/gcc/arm-none-eabi/8.3.1/thumb/v7-m/nofp/crtn.o
 .ARM.attributes
                0x00000000       0x1d c:/gmd/toolchain/arm_toolchain/bin/../lib/gcc/arm-none-eabi/8.3.1/thumb/v7-m/nofp/crtn.o
 .text          0x00000000        0x0 c:/gmd/toolchain/arm_toolchain/bin/../lib/gcc/arm-none-eabi/8.3.1/../../../../arm-none-eabi/lib/thumb/v7-m/nofp\libnosys.a(_exit.o)
 .data          0x00000000        0x0 c:/gmd/toolchain/arm_toolchain/bin/../lib/gcc/arm-none-eabi/8.3.1/../../../../arm-none-eabi/lib/thumb/v7-m/nofp\libnosys.a(_exit.o)
 .bss           0x00000000        0x0 c:/gmd/toolchain/arm_toolchain/bin/../lib/gcc/arm-none-eabi/8.3.1/../../../../arm-none-eabi/lib/thumb/v7-m/nofp\libnosys.a(_exit.o)

Memory Configuration

Name             Origin             Length             Attributes
FLASH            0x00000000         0x00008000         xr
RAM              0x20000000         0x00004000         xrw
*default*        0x00000000         0xffffffff

Linker script and memory map

LOAD c:/gmd/toolchain/arm_toolchain/bin/../lib/gcc/arm-none-eabi/8.3.1/thumb/v7-m/nofp/crti.o
LOAD c:/gmd/toolchain/arm_toolchain/bin/../lib/gcc/arm-none-eabi/8.3.1/thumb/v7-m/nofp/crtbegin.o
LOAD c:/gmd/toolchain/arm_toolchain/bin/../lib/gcc/arm-none-eabi/8.3.1/../../../../arm-none-eabi/lib/thumb/v7-m/nofp/crt0.o
LOAD ./USER/gw1ns4c_it.o
LOAD ./USER/main.o
LOAD ./SYSTEM/system_gw1ns4c.o
LOAD ./STARTUP/startup_gw1ns4c.o
LOAD ./PERIPHERAL/Sources/gw1ns4c_gpio.o
LOAD ./PERIPHERAL/Sources/gw1ns4c_i2c.o
LOAD ./PERIPHERAL/Sources/gw1ns4c_misc.o
LOAD ./PERIPHERAL/Sources/gw1ns4c_rtc.o
LOAD ./PERIPHERAL/Sources/gw1ns4c_spi.o
LOAD ./PERIPHERAL/Sources/gw1ns4c_syscon.o
LOAD ./PERIPHERAL/Sources/gw1ns4c_timer.o
LOAD ./PERIPHERAL/Sources/gw1ns4c_uart.o
LOAD ./PERIPHERAL/Sources/gw1ns4c_wdog.o
LOAD ./CORE/core_cm3.o
START GROUP
LOAD c:/gmd/toolchain/arm_toolchain/bin/../lib/gcc/arm-none-eabi/8.3.1/thumb/v7-m/nofp\libgcc.a
LOAD c:/gmd/toolchain/arm_toolchain/bin/../lib/gcc/arm-none-eabi/8.3.1/../../../../arm-none-eabi/lib/thumb/v7-m/nofp\libg.a
LOAD c:/gmd/toolchain/arm_toolchain/bin/../lib/gcc/arm-none-eabi/8.3.1/../../../../arm-none-eabi/lib/thumb/v7-m/nofp\libc.a
END GROUP
LOAD c:/gmd/toolchain/arm_toolchain/bin/../lib/gcc/arm-none-eabi/8.3.1/thumb/v7-m/nofp/crtend.o
LOAD c:/gmd/toolchain/arm_toolchain/bin/../lib/gcc/arm-none-eabi/8.3.1/thumb/v7-m/nofp/crtn.o
START GROUP
LOAD c:/gmd/toolchain/arm_toolchain/bin/../lib/gcc/arm-none-eabi/8.3.1/thumb/v7-m/nofp\libgcc.a
LOAD c:/gmd/toolchain/arm_toolchain/bin/../lib/gcc/arm-none-eabi/8.3.1/../../../../arm-none-eabi/lib/thumb/v7-m/nofp\libc.a
LOAD c:/gmd/toolchain/arm_toolchain/bin/../lib/gcc/arm-none-eabi/8.3.1/../../../../arm-none-eabi/lib/thumb/v7-m/nofp\libm.a
LOAD c:/gmd/toolchain/arm_toolchain/bin/../lib/gcc/arm-none-eabi/8.3.1/../../../../arm-none-eabi/lib/thumb/v7-m/nofp\libnosys.a
END GROUP

.text           0x00000000      0x488
 *(.isr_vector)
 .isr_vector    0x00000000       0xc0 ./STARTUP/startup_gw1ns4c.o
                0x00000000                __isr_vector
 *(.text*)
 .text.NMI_Handler
                0x000000c0        0x4 ./USER/gw1ns4c_it.o
                0x000000c0                NMI_Handler
 .text.HardFault_Handler
                0x000000c4        0x4 ./USER/gw1ns4c_it.o
                0x000000c4                HardFault_Handler
 .text.MemManage_Handler
                0x000000c8        0x4 ./USER/gw1ns4c_it.o
                0x000000c8                MemManage_Handler
 .text.BusFault_Handler
                0x000000cc        0x4 ./USER/gw1ns4c_it.o
                0x000000cc                BusFault_Handler
 .text.UsageFault_Handler
                0x000000d0        0x4 ./USER/gw1ns4c_it.o
                0x000000d0                UsageFault_Handler
 .text.SVC_Handler
                0x000000d4        0x4 ./USER/gw1ns4c_it.o
                0x000000d4                SVC_Handler
 .text.DebugMon_Handler
                0x000000d8        0x4 ./USER/gw1ns4c_it.o
                0x000000d8                DebugMon_Handler
 .text.PendSV_Handler
                0x000000dc        0x4 ./USER/gw1ns4c_it.o
                0x000000dc                PendSV_Handler
 .text.SysTick_Handler
                0x000000e0        0x4 ./USER/gw1ns4c_it.o
                0x000000e0                SysTick_Handler
 .text.USER_INT0_Handler
                0x000000e4        0x4 ./USER/gw1ns4c_it.o
                0x000000e4                USER_INT0_Handler
 .text.USER_INT1_Handler
                0x000000e8        0x4 ./USER/gw1ns4c_it.o
                0x000000e8                USER_INT1_Handler
 .text.USER_INT2_Handler
                0x000000ec        0x4 ./USER/gw1ns4c_it.o
                0x000000ec                USER_INT2_Handler
 .text.USER_INT3_Handler
                0x000000f0        0x4 ./USER/gw1ns4c_it.o
                0x000000f0                USER_INT3_Handler
 .text.USER_INT4_Handler
                0x000000f4        0x4 ./USER/gw1ns4c_it.o
                0x000000f4                USER_INT4_Handler
 .text.USER_INT5_Handler
                0x000000f8        0x4 ./USER/gw1ns4c_it.o
                0x000000f8                USER_INT5_Handler
 .text.UART0_Handler
                0x000000fc        0x4 ./USER/gw1ns4c_it.o
                0x000000fc                UART0_Handler
 .text.UART1_Handler
                0x00000100        0x4 ./USER/gw1ns4c_it.o
                0x00000100                UART1_Handler
 .text.TIMER0_Handler
                0x00000104        0x4 ./USER/gw1ns4c_it.o
                0x00000104                TIMER0_Handler
 .text.TIMER1_Handler
                0x00000108        0x4 ./USER/gw1ns4c_it.o
                0x00000108                TIMER1_Handler
 .text.I2C_Handler
                0x0000010c        0x4 ./USER/gw1ns4c_it.o
                0x0000010c                I2C_Handler
 .text.RTC_Handler
                0x00000110       0x24 ./USER/gw1ns4c_it.o
                0x00000110                RTC_Handler
 .text.GPIOInit
                0x00000134       0x28 ./USER/main.o
                0x00000134                GPIOInit
 .text.startup.main
                0x0000015c       0x20 ./USER/main.o
                0x0000015c                main
 .text.SystemInit
                0x0000017c       0x2c ./SYSTEM/system_gw1ns4c.o
                0x0000017c                SystemInit
 .text          0x000001a8       0x98 ./STARTUP/startup_gw1ns4c.o
                0x000001a8                Reset_Handler
                0x0000020e                PORT0_COMB_Handler
                0x00000218                UARTOVF_Handler
                0x0000021e                Spare15_Handler
                0x00000220                PORT0_0_Handler
                0x00000222                PORT0_1_Handler
                0x00000224                PORT0_2_Handler
                0x00000226                PORT0_3_Handler
                0x00000228                PORT0_4_Handler
                0x0000022a                PORT0_5_Handler
                0x0000022c                PORT0_6_Handler
                0x0000022e                PORT0_7_Handler
                0x00000230                PORT0_8_Handler
                0x00000232                PORT0_9_Handler
                0x00000234                PORT0_10_Handler
                0x00000236                PORT0_11_Handler
                0x00000238                PORT0_12_Handler
                0x0000023a                PORT0_13_Handler
                0x0000023c                PORT0_14_Handler
                0x0000023e                PORT0_15_Handler
 .text.GPIO_Init
                0x00000240       0xc8 ./PERIPHERAL/Sources/gw1ns4c_gpio.o
                0x00000240                GPIO_Init
 .text.GPIO_SetBit
                0x00000308        0x8 ./PERIPHERAL/Sources/gw1ns4c_gpio.o
                0x00000308                GPIO_SetBit
 .text.GPIO_WriteBits
                0x00000310        0x4 ./PERIPHERAL/Sources/gw1ns4c_gpio.o
                0x00000310                GPIO_WriteBits
 .text.GPIO_ReadBits
                0x00000314        0x4 ./PERIPHERAL/Sources/gw1ns4c_gpio.o
                0x00000314                GPIO_ReadBits
 .text.NVIC_Init
                0x00000318       0x58 ./PERIPHERAL/Sources/gw1ns4c_misc.o
                0x00000318                NVIC_Init
 .text.Set_Load_Value
                0x00000370        0xc ./PERIPHERAL/Sources/gw1ns4c_rtc.o
                0x00000370                Set_Load_Value
 .text.Clear_RTC_interrupt
                0x0000037c        0xc ./PERIPHERAL/Sources/gw1ns4c_rtc.o
                0x0000037c                Clear_RTC_interrupt
 .text.RTC_init
                0x00000388       0x18 ./PERIPHERAL/Sources/gw1ns4c_rtc.o
                0x00000388                RTC_init
 .text.exit     0x000003a0       0x20 c:/gmd/toolchain/arm_toolchain/bin/../lib/gcc/arm-none-eabi/8.3.1/../../../../arm-none-eabi/lib/thumb/v7-m/nofp\libg.a(lib_a-exit.o)
                0x000003a0                exit
 .text.__call_exitprocs
                0x000003c0       0xb0 c:/gmd/toolchain/arm_toolchain/bin/../lib/gcc/arm-none-eabi/8.3.1/../../../../arm-none-eabi/lib/thumb/v7-m/nofp\libg.a(lib_a-__call_atexit.o)
                0x000003c0                __call_exitprocs
 .text.__retarget_lock_acquire_recursive
                0x00000470        0x4 c:/gmd/toolchain/arm_toolchain/bin/../lib/gcc/arm-none-eabi/8.3.1/../../../../arm-none-eabi/lib/thumb/v7-m/nofp\libg.a(lib_a-lock.o)
                0x00000470                __retarget_lock_acquire_recursive
 .text.__retarget_lock_release_recursive
                0x00000474        0x4 c:/gmd/toolchain/arm_toolchain/bin/../lib/gcc/arm-none-eabi/8.3.1/../../../../arm-none-eabi/lib/thumb/v7-m/nofp\libg.a(lib_a-lock.o)
                0x00000474                __retarget_lock_release_recursive
 .text._exit    0x00000478        0x4 c:/gmd/toolchain/arm_toolchain/bin/../lib/gcc/arm-none-eabi/8.3.1/../../../../arm-none-eabi/lib/thumb/v7-m/nofp\libnosys.a(_exit.o)
                0x00000478                _exit
 *(.init)
 .init          0x0000047c        0x4 c:/gmd/toolchain/arm_toolchain/bin/../lib/gcc/arm-none-eabi/8.3.1/thumb/v7-m/nofp/crti.o
                0x0000047c                _init
 *(.fini)
 .fini          0x00000480        0x4 c:/gmd/toolchain/arm_toolchain/bin/../lib/gcc/arm-none-eabi/8.3.1/thumb/v7-m/nofp/crti.o
                0x00000480                _fini
 *crtbegin.o(.ctors)
 *crtbegin?.o(.ctors)
 *(EXCLUDE_FILE(*crtend.o *crtend?.o) .ctors)
 *(SORT_BY_NAME(.ctors.*))
 *(.ctors)
 *crtbegin.o(.dtors)
 *crtbegin?.o(.dtors)
 *(EXCLUDE_FILE(*crtend.o *crtend?.o) .dtors)
 *(SORT_BY_NAME(.dtors.*))
 *(.dtors)
 *(.rodata*)
 .rodata._global_impure_ptr
                0x00000484        0x4 c:/gmd/toolchain/arm_toolchain/bin/../lib/gcc/arm-none-eabi/8.3.1/../../../../arm-none-eabi/lib/thumb/v7-m/nofp\libg.a(lib_a-impure.o)
                0x00000484                _global_impure_ptr
 *(.eh_frame*)

.glue_7         0x00000488        0x0
 .glue_7        0x00000488        0x0 linker stubs

.glue_7t        0x00000488        0x0
 .glue_7t       0x00000488        0x0 linker stubs

.vfp11_veneer   0x00000488        0x0
 .vfp11_veneer  0x00000488        0x0 linker stubs

.v4_bx          0x00000488        0x0
 .v4_bx         0x00000488        0x0 linker stubs

.iplt           0x00000488        0x0
 .iplt          0x00000488        0x0 ./USER/gw1ns4c_it.o

.rel.dyn        0x00000488        0x0
 .rel.iplt      0x00000488        0x0 ./USER/gw1ns4c_it.o

.ARM.extab
 *(.ARM.extab* .gnu.linkonce.armextab.*)
                0x00000488                __exidx_start = .

.ARM.exidx
 *(.ARM.exidx* .gnu.linkonce.armexidx.*)
                0x00000488                __exidx_end = .
                0x00000488                __etext = .

.data           0x20000000      0x43c load address 0x00000488
                0x20000000                __data_start__ = .
 *(vtable)
 *(.data*)
 .data.HCLK     0x20000000        0x4 ./SYSTEM/system_gw1ns4c.o
                0x20000000                HCLK
 .data.PCLK1    0x20000004        0x4 ./SYSTEM/system_gw1ns4c.o
                0x20000004                PCLK1
 .data.PCLK2    0x20000008        0x4 ./SYSTEM/system_gw1ns4c.o
                0x20000008                PCLK2
 .data.SystemCoreClock
                0x2000000c        0x4 ./SYSTEM/system_gw1ns4c.o
                0x2000000c                SystemCoreClock
 .data.impure_data
                0x20000010      0x428 c:/gmd/toolchain/arm_toolchain/bin/../lib/gcc/arm-none-eabi/8.3.1/../../../../arm-none-eabi/lib/thumb/v7-m/nofp\libg.a(lib_a-impure.o)
 .data.__atexit_recursive_mutex
                0x20000438        0x4 c:/gmd/toolchain/arm_toolchain/bin/../lib/gcc/arm-none-eabi/8.3.1/../../../../arm-none-eabi/lib/thumb/v7-m/nofp\libg.a(lib_a-__call_atexit.o)
                0x20000438                __atexit_recursive_mutex
                0x2000043c                . = ALIGN (0x4)
                0x2000043c                PROVIDE (__preinit_array_start = .)
 *(.preinit_array)
                0x2000043c                PROVIDE (__preinit_array_end = .)
                0x2000043c                . = ALIGN (0x4)
                0x2000043c                PROVIDE (__init_array_start = .)
 *(SORT_BY_NAME(.init_array.*))
 *(.init_array)
                0x2000043c                PROVIDE (__init_array_end = .)
                0x2000043c                . = ALIGN (0x4)
                0x2000043c                PROVIDE (__fini_array_start = .)
 *(SORT_BY_NAME(.fini_array.*))
 *(.fini_array)
                0x2000043c                PROVIDE (__fini_array_end = .)
                0x2000043c                . = ALIGN (0x4)
                0x2000043c                __data_end__ = .

.igot.plt       0x2000043c        0x0 load address 0x000008c4
 .igot.plt      0x2000043c        0x0 ./USER/gw1ns4c_it.o

.bss            0x2000043c       0x24 load address 0x000008c4
                0x2000043c                . = ALIGN (0x4)
                0x2000043c                __bss_start__ = .
 *(.bss*)
 *(COMMON)
 COMMON         0x2000043c       0x21 c:/gmd/toolchain/arm_toolchain/bin/../lib/gcc/arm-none-eabi/8.3.1/../../../../arm-none-eabi/lib/thumb/v7-m/nofp\libg.a(lib_a-lock.o)
                0x2000043c                __lock___atexit_recursive_mutex
                0x20000440                __lock___arc4random_mutex
                0x20000444                __lock___env_recursive_mutex
                0x20000448                __lock___sinit_recursive_mutex
                0x2000044c                __lock___malloc_recursive_mutex
                0x20000450                __lock___at_quick_exit_mutex
                0x20000454                __lock___dd_hash_mutex
                0x20000458                __lock___tz_mutex
                0x2000045c                __lock___sfp_recursive_mutex
                0x20000460                . = ALIGN (0x4)
 *fill*         0x2000045d        0x3 
                0x20000460                __bss_end__ = .

.heap           0x20000460      0x200
                0x20000460                __end__ = .
                0x20000460                end = __end__
 *(.heap*)
 .heap          0x20000460      0x200 ./STARTUP/startup_gw1ns4c.o
                0x20000460                __HeapBase
                0x20000660                __HeapLimit = .

.stack_dummy    0x20000460      0x400
 *(.stack*)
 .stack         0x20000460      0x400 ./STARTUP/startup_gw1ns4c.o
                0x20004000                __StackTop = (ORIGIN (RAM) + LENGTH (RAM))
                0x20003c00                __StackLimit = (__StackTop - SIZEOF (.stack_dummy))
                0x20004000                PROVIDE (__stack = __StackTop)
                0x00000001                ASSERT ((__StackLimit >= __HeapLimit), region RAM overflowed with stack)
OUTPUT(cm3_rtc.elf elf32-littlearm)

.ARM.attributes
                0x00000000       0x29
 .ARM.attributes
                0x00000000       0x1d c:/gmd/toolchain/arm_toolchain/bin/../lib/gcc/arm-none-eabi/8.3.1/thumb/v7-m/nofp/crti.o
 .ARM.attributes
                0x0000001d       0x2d ./USER/gw1ns4c_it.o
 .ARM.attributes
                0x0000004a       0x2d ./USER/main.o
 .ARM.attributes
                0x00000077       0x2d ./SYSTEM/system_gw1ns4c.o
 .ARM.attributes
                0x000000a4       0x1b ./STARTUP/startup_gw1ns4c.o
 .ARM.attributes
                0x000000bf       0x2d ./PERIPHERAL/Sources/gw1ns4c_gpio.o
 .ARM.attributes
                0x000000ec       0x2d ./PERIPHERAL/Sources/gw1ns4c_misc.o
 .ARM.attributes
                0x00000119       0x2d ./PERIPHERAL/Sources/gw1ns4c_rtc.o
 .ARM.attributes
                0x00000146       0x2d c:/gmd/toolchain/arm_toolchain/bin/../lib/gcc/arm-none-eabi/8.3.1/../../../../arm-none-eabi/lib/thumb/v7-m/nofp\libg.a(lib_a-exit.o)
 .ARM.attributes
                0x00000173       0x2d c:/gmd/toolchain/arm_toolchain/bin/../lib/gcc/arm-none-eabi/8.3.1/../../../../arm-none-eabi/lib/thumb/v7-m/nofp\libg.a(lib_a-impure.o)
 .ARM.attributes
                0x000001a0       0x2d c:/gmd/toolchain/arm_toolchain/bin/../lib/gcc/arm-none-eabi/8.3.1/../../../../arm-none-eabi/lib/thumb/v7-m/nofp\libg.a(lib_a-__call_atexit.o)
 .ARM.attributes
                0x000001cd       0x2d c:/gmd/toolchain/arm_toolchain/bin/../lib/gcc/arm-none-eabi/8.3.1/../../../../arm-none-eabi/lib/thumb/v7-m/nofp\libg.a(lib_a-lock.o)
 .ARM.attributes
                0x000001fa       0x2d c:/gmd/toolchain/arm_toolchain/bin/../lib/gcc/arm-none-eabi/8.3.1/../../../../arm-none-eabi/lib/thumb/v7-m/nofp\libnosys.a(_exit.o)

.comment        0x00000000       0x76
 .comment       0x00000000       0x76 ./USER/gw1ns4c_it.o
                                 0x77 (size before relaxing)
 .comment       0x00000076       0x77 ./USER/main.o
 .comment       0x00000076       0x77 ./SYSTEM/system_gw1ns4c.o
 .comment       0x00000076       0x77 ./PERIPHERAL/Sources/gw1ns4c_gpio.o
 .comment       0x00000076       0x77 ./PERIPHERAL/Sources/gw1ns4c_misc.o
 .comment       0x00000076       0x77 ./PERIPHERAL/Sources/gw1ns4c_rtc.o

.debug_info     0x00000000     0x19e7
 .debug_info    0x00000000      0x38d ./USER/gw1ns4c_it.o
 .debug_info    0x0000038d      0x534 ./USER/main.o
 .debug_info    0x000008c1      0x11c ./SYSTEM/system_gw1ns4c.o
 .debug_info    0x000009dd       0x26 ./STARTUP/startup_gw1ns4c.o
 .debug_info    0x00000a03      0x778 ./PERIPHERAL/Sources/gw1ns4c_gpio.o
 .debug_info    0x0000117b      0x537 ./PERIPHERAL/Sources/gw1ns4c_misc.o
 .debug_info    0x000016b2      0x335 ./PERIPHERAL/Sources/gw1ns4c_rtc.o

.debug_abbrev   0x00000000      0x956
 .debug_abbrev  0x00000000      0x19d ./USER/gw1ns4c_it.o
 .debug_abbrev  0x0000019d      0x1ae ./USER/main.o
 .debug_abbrev  0x0000034b       0xa3 ./SYSTEM/system_gw1ns4c.o
 .debug_abbrev  0x000003ee       0x14 ./STARTUP/startup_gw1ns4c.o
 .debug_abbrev  0x00000402      0x1f4 ./PERIPHERAL/Sources/gw1ns4c_gpio.o
 .debug_abbrev  0x000005f6      0x1c1 ./PERIPHERAL/Sources/gw1ns4c_misc.o
 .debug_abbrev  0x000007b7      0x19f ./PERIPHERAL/Sources/gw1ns4c_rtc.o

.debug_loc      0x00000000      0x523
 .debug_loc     0x00000000       0x25 ./USER/gw1ns4c_it.o
 .debug_loc     0x00000025      0x337 ./PERIPHERAL/Sources/gw1ns4c_gpio.o
 .debug_loc     0x0000035c      0x19b ./PERIPHERAL/Sources/gw1ns4c_misc.o
 .debug_loc     0x000004f7       0x2c ./PERIPHERAL/Sources/gw1ns4c_rtc.o

.debug_aranges  0x00000000      0x220
 .debug_aranges
                0x00000000       0x48 ./USER/gw1ns4c_it.o
 .debug_aranges
                0x00000048       0x28 ./USER/main.o
 .debug_aranges
                0x00000070       0x20 ./SYSTEM/system_gw1ns4c.o
 .debug_aranges
                0x00000090       0x20 ./STARTUP/startup_gw1ns4c.o
 .debug_aranges
                0x000000b0       0xb8 ./PERIPHERAL/Sources/gw1ns4c_gpio.o
 .debug_aranges
                0x00000168       0x38 ./PERIPHERAL/Sources/gw1ns4c_misc.o
 .debug_aranges
                0x000001a0       0x80 ./PERIPHERAL/Sources/gw1ns4c_rtc.o

.debug_ranges   0x00000000      0x1f0
 .debug_ranges  0x00000000       0x38 ./USER/gw1ns4c_it.o
 .debug_ranges  0x00000038       0x18 ./USER/main.o
 .debug_ranges  0x00000050       0x10 ./SYSTEM/system_gw1ns4c.o
 .debug_ranges  0x00000060       0xa8 ./PERIPHERAL/Sources/gw1ns4c_gpio.o
 .debug_ranges  0x00000108       0x28 ./PERIPHERAL/Sources/gw1ns4c_misc.o
 .debug_ranges  0x00000130       0xc0 ./PERIPHERAL/Sources/gw1ns4c_rtc.o

.debug_macro    0x00000000     0x2a4c
 .debug_macro   0x00000000      0x100 ./USER/gw1ns4c_it.o
 .debug_macro   0x00000100      0xa78 ./USER/gw1ns4c_it.o
 .debug_macro   0x00000b78       0x22 ./USER/gw1ns4c_it.o
 .debug_macro   0x00000b9a       0x22 ./USER/gw1ns4c_it.o
 .debug_macro   0x00000bbc       0x22 ./USER/gw1ns4c_it.o
 .debug_macro   0x00000bde       0x8e ./USER/gw1ns4c_it.o
 .debug_macro   0x00000c6c       0x51 ./USER/gw1ns4c_it.o
 .debug_macro   0x00000cbd      0x103 ./USER/gw1ns4c_it.o
 .debug_macro   0x00000dc0       0x6a ./USER/gw1ns4c_it.o
 .debug_macro   0x00000e2a      0x1df ./USER/gw1ns4c_it.o
 .debug_macro   0x00001009      0x7b7 ./USER/gw1ns4c_it.o
 .debug_macro   0x000017c0      0x314 ./USER/gw1ns4c_it.o
 .debug_macro   0x00001ad4       0x6a ./USER/gw1ns4c_it.o
 .debug_macro   0x00001b3e       0x3a ./USER/gw1ns4c_it.o
 .debug_macro   0x00001b78       0x7c ./USER/gw1ns4c_it.o
 .debug_macro   0x00001bf4       0x22 ./USER/gw1ns4c_it.o
 .debug_macro   0x00001c16       0x64 ./USER/gw1ns4c_it.o
 .debug_macro   0x00001c7a       0x58 ./USER/gw1ns4c_it.o
 .debug_macro   0x00001cd2       0x34 ./USER/gw1ns4c_it.o
 .debug_macro   0x00001d06       0x1c ./USER/gw1ns4c_it.o
 .debug_macro   0x00001d22       0xf6 ./USER/main.o
 .debug_macro   0x00001e18      0x102 ./SYSTEM/system_gw1ns4c.o
 .debug_macro   0x00001f1a      0x100 ./PERIPHERAL/Sources/gw1ns4c_gpio.o
 .debug_macro   0x0000201a       0x34 ./PERIPHERAL/Sources/gw1ns4c_gpio.o
 .debug_macro   0x0000204e      0x106 ./PERIPHERAL/Sources/gw1ns4c_misc.o
 .debug_macro   0x00002154       0x2e ./PERIPHERAL/Sources/gw1ns4c_misc.o
 .debug_macro   0x00002182       0xf5 ./PERIPHERAL/Sources/gw1ns4c_rtc.o
 .debug_macro   0x00002277      0x7d5 ./PERIPHERAL/Sources/gw1ns4c_rtc.o

.debug_line     0x00000000     0x1b04
 .debug_line    0x00000000      0x3bd ./USER/gw1ns4c_it.o
 .debug_line    0x000003bd      0x37d ./USER/main.o
 .debug_line    0x0000073a      0x34c ./SYSTEM/system_gw1ns4c.o
 .debug_line    0x00000a86       0x98 ./STARTUP/startup_gw1ns4c.o
 .debug_line    0x00000b1e      0x73e ./PERIPHERAL/Sources/gw1ns4c_gpio.o
 .debug_line    0x0000125c      0x3ec ./PERIPHERAL/Sources/gw1ns4c_misc.o
 .debug_line    0x00001648      0x4bc ./PERIPHERAL/Sources/gw1ns4c_rtc.o

.debug_str      0x00000000     0x917d
 .debug_str     0x00000000     0x8872 ./USER/gw1ns4c_it.o
                               0x89db (size before relaxing)
 .debug_str     0x00008872      0x40b ./USER/main.o
                               0x8c3b (size before relaxing)
 .debug_str     0x00008c7d       0x62 ./SYSTEM/system_gw1ns4c.o
                               0x87d2 (size before relaxing)
 .debug_str     0x00008cdf       0x2b ./STARTUP/startup_gw1ns4c.o
                                 0x4a (size before relaxing)
 .debug_str     0x00008d0a      0x15f ./PERIPHERAL/Sources/gw1ns4c_gpio.o
                               0x8a94 (size before relaxing)
 .debug_str     0x00008e69      0x1ba ./PERIPHERAL/Sources/gw1ns4c_misc.o
                               0x89d5 (size before relaxing)
 .debug_str     0x00009023      0x15a ./PERIPHERAL/Sources/gw1ns4c_rtc.o
                               0x88fd (size before relaxing)

.debug_frame    0x00000000      0x610
 .debug_frame   0x00000000      0x16c ./USER/gw1ns4c_it.o
 .debug_frame   0x0000016c       0x48 ./USER/main.o
 .debug_frame   0x000001b4       0x48 ./SYSTEM/system_gw1ns4c.o
 .debug_frame   0x000001fc      0x174 ./PERIPHERAL/Sources/gw1ns4c_gpio.o
 .debug_frame   0x00000370       0x6c ./PERIPHERAL/Sources/gw1ns4c_misc.o
 .debug_frame   0x000003dc       0xe0 ./PERIPHERAL/Sources/gw1ns4c_rtc.o
 .debug_frame   0x000004bc       0x28 c:/gmd/toolchain/arm_toolchain/bin/../lib/gcc/arm-none-eabi/8.3.1/../../../../arm-none-eabi/lib/thumb/v7-m/nofp\libg.a(lib_a-exit.o)
 .debug_frame   0x000004e4       0x5c c:/gmd/toolchain/arm_toolchain/bin/../lib/gcc/arm-none-eabi/8.3.1/../../../../arm-none-eabi/lib/thumb/v7-m/nofp\libg.a(lib_a-__call_atexit.o)
 .debug_frame   0x00000540       0xb0 c:/gmd/toolchain/arm_toolchain/bin/../lib/gcc/arm-none-eabi/8.3.1/../../../../arm-none-eabi/lib/thumb/v7-m/nofp\libg.a(lib_a-lock.o)
 .debug_frame   0x000005f0       0x20 c:/gmd/toolchain/arm_toolchain/bin/../lib/gcc/arm-none-eabi/8.3.1/../../../../arm-none-eabi/lib/thumb/v7-m/nofp\libnosys.a(_exit.o)
